
> nx run hunt-the-bishomalo:build:production

[33m❯[39m Building...
✘ [ERROR] TS2724: '"@hunt-the-bishomalo/game/api"' has no exported member named 'GameStore'. Did you mean 'GAME_STORE'? [plugin angular-compiler]
    libs/achievements/data-access/src/lib/achievement.service.ts:8:9:
      8 │ import { GameStore } from '@hunt-the-bishomalo/game/api';
        ╵          ~~~~~~~~~
  'GAME_STORE' is declared here.
    libs/game/api/src/index.ts:4:13:
      4 │ export const GAME_STORE = new InjectionToken<typeof GameStore>('GAM...
        ╵              ~~~~~~~~~~
✘ [ERROR] TS2571: Object is of type 'unknown'. [plugin angular-compiler]
    libs/achievements/data-access/src/lib/achievement.service.ts:32:8:
      32 │     if (this.gameStore.wumpusKilled() === 5) {
         ╵         ~~~~~~~~~~~~~~
✘ [ERROR] TS2571: Object is of type 'unknown'. [plugin angular-compiler]
    libs/achievements/data-access/src/lib/achievement.service.ts:39:8:
      39 │     if (this.gameStore.isAlive()) return;
         ╵         ~~~~~~~~~~~~~~
✘ [ERROR] TS2571: Object is of type 'unknown'. [plugin angular-compiler]
    libs/achievements/data-access/src/lib/achievement.service.ts:40:24:
      40 │     const achievement = this.gameStore.blackout()
         ╵                         ~~~~~~~~~~~~~~
✘ [ERROR] TS2571: Object is of type 'unknown'. [plugin angular-compiler]
    libs/achievements/data-access/src/lib/achievement.service.ts:73:25:
      73 │     const wumpusKilled = this.gameStore.wumpusKilled();
         ╵                          ~~~~~~~~~~~~~~
✘ [ERROR] TS2571: Object is of type 'unknown'. [plugin angular-compiler]
    libs/achievements/data-access/src/lib/achievement.service.ts:74:23:
      74 │     const { arrows } = this.gameStore.hunter();
         ╵                        ~~~~~~~~~~~~~~
✘ [ERROR] TS2571: Object is of type 'unknown'. [plugin angular-compiler]
    libs/achievements/data-access/src/lib/achievement.service.ts:75:31:
      75 │     const { blackout, size } = this.gameStore.settings();
         ╵                                ~~~~~~~~~~~~~~
✘ [ERROR] TS2571: Object is of type 'unknown'. [plugin angular-compiler]
    libs/achievements/data-access/src/lib/achievement.service.ts:90:25:
      90 │     const { blackout } = this.gameStore.settings();
         ╵                          ~~~~~~~~~~~~~~
✘ [ERROR] TS2571: Object is of type 'unknown'. [plugin angular-compiler]
    libs/achievements/data-access/src/lib/achievement.service.ts:99:21:
      99 │     const { x, y } = this.gameStore.hunter();
         ╵                      ~~~~~~~~~~~~~~
✘ [ERROR] TS2571: Object is of type 'unknown'. [plugin angular-compiler]
    libs/achievements/data-access/src/lib/achievement.service.ts:106:18:
      106 │     const board = this.gameStore.board();
          ╵                   ~~~~~~~~~~~~~~
✘ [ERROR] TS2571: Object is of type 'unknown'. [plugin angular-compiler]
    libs/achievements/data-access/src/lib/achievement.service.ts:118:27:
      118 │     const { size, pits } = this.gameStore.settings();
          ╵                            ~~~~~~~~~~~~~~
✘ [ERROR] TS2571: Object is of type 'unknown'. [plugin angular-compiler]
    libs/chars/src/lib/chars/characters.component.html:1:28:
      1 │ @let onwedChars = gameStore.unlockedChars();
        ╵                             ~~~~~~~~~~~~~
  Error occurs in the template of component CharactersComponent.
    libs/chars/src/lib/chars/characters.component.ts:13:15:
      13 │   templateUrl: './characters.component.html',
         ╵                ~~~~~~~~~~~~~~~~~~~~~~~~~~~~~
✘ [ERROR] TS2724: '"@hunt-the-bishomalo/game/api"' has no exported member named 'GameStore'. Did you mean 'GAME_STORE'? [plugin angular-compiler]
    libs/chars/src/lib/chars/characters.component.ts:6:9:
      6 │ import { GameStore } from '@hunt-the-bishomalo/game/api';
        ╵          ~~~~~~~~~
  'GAME_STORE' is declared here.
    libs/game/api/src/index.ts:4:13:
      4 │ export const GAME_STORE = new InjectionToken<typeof GameStore>('GAM...
        ╵              ~~~~~~~~~~
✘ [ERROR] TS2571: Object is of type 'unknown'. [plugin angular-compiler]
    libs/chars/src/lib/chars/characters.component.ts:35:6:
      35 │       this.gameStore.updateGame({
         ╵       ~~~~~~~~~~~~~~
✘ [ERROR] TS2571: Object is of type 'unknown'. [plugin angular-compiler]
    libs/chars/src/lib/chars/characters.component.ts:36:27:
      36 │         unlockedChars: [...this.gameStore.unlockedChars(), selected],
         ╵                            ~~~~~~~~~~~~~~
✘ [ERROR] TS2571: Object is of type 'unknown'. [plugin angular-compiler]
    libs/config/src/lib/config/game-config.component.html:1:23:
      1 │ @let chars = gameStore.unlockedChars();
        ╵                        ~~~~~~~~~~~~~
  Error occurs in the template of component GameConfigComponent.
    libs/config/src/lib/config/game-config.component.ts:21:15:
      21 │   templateUrl: './game-config.component.html',
         ╵                ~~~~~~~~~~~~~~~~~~~~~~~~~~~~~~
✘ [ERROR] TS2305: Module '"@hunt-the-bishomalo/core"' has no exported member 'GameEngineService'. [plugin angular-compiler]
    libs/config/src/lib/config/game-config.component.ts:5:9:
      5 │ import { GameEngineService, GameSoundService } from '@hunt-the-bish...
        ╵          ~~~~~~~~~~~~~~~~~
✘ [ERROR] TS2724: '"@hunt-the-bishomalo/game/api"' has no exported member named 'GameStore'. Did you mean 'GAME_STORE'? [plugin angular-compiler]
    libs/config/src/lib/config/game-config.component.ts:15:9:
      15 │ import { GameStore } from '@hunt-the-bishomalo/game/api';
         ╵          ~~~~~~~~~
  'GAME_STORE' is declared here.
    libs/game/api/src/index.ts:4:13:
      4 │ export const GAME_STORE = new InjectionToken<typeof GameStore>('GAM...
        ╵              ~~~~~~~~~~
✘ [ERROR] TS2571: Object is of type 'unknown'. [plugin angular-compiler]
    libs/config/src/lib/config/game-config.component.ts:46:6:
      46 │       this.gameStore.updateGame({
         ╵       ~~~~~~~~~~~~~~
✘ [ERROR] TS2571: Object is of type 'unknown'. [plugin angular-compiler]
    libs/config/src/lib/config/game-config.component.ts:57:6:
      57 │       this.gameEngine.initGame();
         ╵       ~~~~~~~~~~~~~~~
✘ [ERROR] TS2305: Module '"@hunt-the-bishomalo/core"' has no exported member 'GameEngineService'. [plugin angular-compiler]
    libs/credits/src/lib/credits/end-credits.component.ts:6:9:
      6 │ import { GameEngineService, GameSoundService } from '@hunt-the-bish...
        ╵          ~~~~~~~~~~~~~~~~~
✘ [ERROR] TS2571: Object is of type 'unknown'. [plugin angular-compiler]
    libs/credits/src/lib/credits/end-credits.component.ts:76:4:
      76 │     this.gameEngine.newGame();
         ╵     ~~~~~~~~~~~~~~~
✘ [ERROR] TS2305: Module '"@hunt-the-bishomalo/game/data-access"' has no exported member 'GameStore'. [plugin angular-compiler]
    libs/game/api/src/index.ts:2:9:
      2 │ import { GameStore, GameEngineService, KeyboardManagerService } fro...
        ╵          ~~~~~~~~~
✘ [ERROR] TS2305: Module '"@hunt-the-bishomalo/game/data-access"' has no exported member 'GameEngineService'. [plugin angular-compiler]
    libs/game/api/src/index.ts:2:20:
      2 │ import { GameStore, GameEngineService, KeyboardManagerService } fro...
        ╵                     ~~~~~~~~~~~~~~~~~
✘ [ERROR] TS2305: Module '"@hunt-the-bishomalo/game/data-access"' has no exported member 'KeyboardManagerService'. [plugin angular-compiler]
    libs/game/api/src/index.ts:2:39:
      2 │ ..., GameEngineService, KeyboardManagerService } from '@hunt-the-bi...
        ╵                         ~~~~~~~~~~~~~~~~~~~~~~
✘ [ERROR] TS2307: Cannot find module './game-store' or its corresponding type declarations. [plugin angular-compiler]
    libs/game/data-access/src/index.ts:1:14:
      1 │ export * from './game-store';
        ╵               ~~~~~~~~~~~~~~
✘ [ERROR] TS2307: Cannot find module './game-engine.service' or its corresponding type declarations. [plugin angular-compiler]
    libs/game/data-access/src/index.ts:2:14:
      2 │ export * from './game-engine.service';
        ╵               ~~~~~~~~~~~~~~~~~~~~~~~
✘ [ERROR] TS2307: Cannot find module './game-event.service' or its corresponding type declarations. [plugin angular-compiler]
    libs/game/data-access/src/index.ts:3:14:
      3 │ export * from './game-event.service';
        ╵               ~~~~~~~~~~~~~~~~~~~~~~
✘ [ERROR] TS2307: Cannot find module './board-generator.service' or its corresponding type declarations. [plugin angular-compiler]
    libs/game/data-access/src/index.ts:4:14:
      4 │ export * from './board-generator.service';
        ╵               ~~~~~~~~~~~~~~~~~~~~~~~~~~~
✘ [ERROR] TS2307: Cannot find module './perception.service' or its corresponding type declarations. [plugin angular-compiler]
    libs/game/data-access/src/index.ts:5:14:
      5 │ export * from './perception.service';
        ╵               ~~~~~~~~~~~~~~~~~~~~~~
✘ [ERROR] TS2307: Cannot find module './keyboard-manager.service' or its corresponding type declarations. [plugin angular-compiler]
    libs/game/data-access/src/index.ts:6:14:
      6 │ export * from './keyboard-manager.service';
        ╵               ~~~~~~~~~~~~~~~~~~~~~~~~~~~~
✘ [ERROR] TS2307: Cannot find module './features/config.feature' or its corresponding type declarations. [plugin angular-compiler]
    libs/game/data-access/src/index.ts:7:14:
      7 │ export * from './features/config.feature';
        ╵               ~~~~~~~~~~~~~~~~~~~~~~~~~~~
✘ [ERROR] TS2307: Cannot find module './features/game-status.feature' or its corresponding type declarations. [plugin angular-compiler]
    libs/game/data-access/src/index.ts:8:14:
      8 │ export * from './features/game-status.feature';
        ╵               ~~~~~~~~~~~~~~~~~~~~~~~~~~~~~~~~
✘ [ERROR] TS2307: Cannot find module './features/hunter.feature' or its corresponding type declarations. [plugin angular-compiler]
    libs/game/data-access/src/index.ts:9:14:
      9 │ export * from './features/hunter.feature';
        ╵               ~~~~~~~~~~~~~~~~~~~~~~~~~~~
✘ [ERROR] TS2307: Cannot find module './hunt-bisho.component' or its corresponding type declarations. [plugin angular-compiler]
    libs/game/feature/src/index.ts:1:14:
      1 │ export * from './hunt-bisho.component';
        ╵               ~~~~~~~~~~~~~~~~~~~~~~~~
✘ [ERROR] TS2307: Cannot find module './animations/attack/app-wumpus-attack-animation.component' or its corresponding type declarations. [plugin angular-compiler]
    libs/game/feature/src/index.ts:2:14:
      2 │ export * from './animations/attack/app-wumpus-attack-animation.comp...
        ╵               ~~~~~~~~~~~~~~~~~~~~~~~~~~~~~~~~~~~~~~~~~~~~~~~~~~~~~
✘ [ERROR] TS2307: Cannot find module './animations/jedi/jedi-mind-trick-animation.component' or its corresponding type declarations. [plugin angular-compiler]
    libs/game/feature/src/index.ts:3:14:
      3 │ export * from './animations/jedi/jedi-mind-trick-animation.component';
        ╵               ~~~~~~~~~~~~~~~~~~~~~~~~~~~~~~~~~~~~~~~~~~~~~~~~~~~~~~~
✘ [ERROR] TS2307: Cannot find module './cell/game-cell.component' or its corresponding type declarations. [plugin angular-compiler]
    libs/game/ui/src/index.ts:1:14:
      1 │ export * from './cell/game-cell.component';
        ╵               ~~~~~~~~~~~~~~~~~~~~~~~~~~~~
✘ [ERROR] TS2307: Cannot find module './controls/mobile-controls.component' or its corresponding type declarations. [plugin angular-compiler]
    libs/game/ui/src/index.ts:2:14:
      2 │ export * from './controls/mobile-controls.component';
        ╵               ~~~~~~~~~~~~~~~~~~~~~~~~~~~~~~~~~~~~~~
✘ [ERROR] TS2307: Cannot find module './message/game-message.component' or its corresponding type declarations. [plugin angular-compiler]
    libs/game/ui/src/index.ts:3:14:
      3 │ export * from './message/game-message.component';
        ╵               ~~~~~~~~~~~~~~~~~~~~~~~~~~~~~~~~~~
✘ [ERROR] TS2307: Cannot find module './lives/game-lives.component' or its corresponding type declarations. [plugin angular-compiler]
    libs/game/ui/src/index.ts:4:14:
      4 │ export * from './lives/game-lives.component';
        ╵               ~~~~~~~~~~~~~~~~~~~~~~~~~~~~~~
✘ [ERROR] TS2307: Cannot find module './level/game-level.component' or its corresponding type declarations. [plugin angular-compiler]
    libs/game/ui/src/index.ts:5:14:
      5 │ export * from './level/game-level.component';
        ╵               ~~~~~~~~~~~~~~~~~~~~~~~~~~~~~~
✘ [ERROR] TS2307: Cannot find module './blackout/blackout.component' or its corresponding type declarations. [plugin angular-compiler]
    libs/game/ui/src/index.ts:6:14:
      6 │ export * from './blackout/blackout.component';
        ╵               ~~~~~~~~~~~~~~~~~~~~~~~~~~~~~~~
✘ [ERROR] TS2307: Cannot find module './visual-effect.directive' or its corresponding type declarations. [plugin angular-compiler]
    libs/game/ui/src/index.ts:7:14:
      7 │ export * from './visual-effect.directive';
        ╵               ~~~~~~~~~~~~~~~~~~~~~~~~~~~
✘ [ERROR] TS2305: Module '"@hunt-the-bishomalo/gamestats/data-access"' has no exported member 'LeaderboardService'. [plugin angular-compiler]
    libs/gamestats/api/src/index.ts:2:9:
      2 │ import { LeaderboardService } from '@hunt-the-bishomalo/gamestats/d...
        ╵          ~~~~~~~~~~~~~~~~~~
✘ [ERROR] TS2307: Cannot find module './leaderboard.service' or its corresponding type declarations. [plugin angular-compiler]
    libs/gamestats/data-access/src/index.ts:1:14:
      1 │ export * from './leaderboard.service';
        ╵               ~~~~~~~~~~~~~~~~~~~~~~~
✘ [ERROR] TS2305: Module '"@hunt-the-bishomalo/shop/feature"' has no exported member 'ShopComponent'. [plugin angular-compiler]
    libs/shop/api/src/index.ts:2:9:
      2 │ import { ShopComponent } from '@hunt-the-bishomalo/shop/feature';
        ╵          ~~~~~~~~~~~~~
✘ [ERROR] TS2307: Cannot find module './shop.component' or its corresponding type declarations. [plugin angular-compiler]
    libs/shop/feature/src/index.ts:1:14:
      1 │ export * from './shop.component';
        ╵               ~~~~~~~~~~~~~~~~~~
✘ [ERROR] TS2307: Cannot find module './components/controls/game-controls.component' or its corresponding type declarations. [plugin angular-compiler]
    src/app/app.component.ts:6:38:
      6 │ ...lsComponent } from './components/controls/game-controls.component';
        ╵                       ~~~~~~~~~~~~~~~~~~~~~~~~~~~~~~~~~~~~~~~~~~~~~~~
✘ [ERROR] TS2724: '"@hunt-the-bishomalo/game/api"' has no exported member named 'GameStore'. Did you mean 'GAME_STORE'? [plugin angular-compiler]
    src/app/app.component.ts:7:9:
      7 │ import { GameStore } from '@hunt-the-bishomalo/game/api';
        ╵          ~~~~~~~~~
  'GAME_STORE' is declared here.
    libs/game/api/src/index.ts:4:13:
      4 │ export const GAME_STORE = new InjectionToken<typeof GameStore>('GAM...
        ╵              ~~~~~~~~~~
✘ [ERROR] TS2459: Module '"@hunt-the-bishomalo/game/api"' declares 'KeyboardManagerService' locally, but it is not exported. [plugin angular-compiler]
    src/app/app.component.ts:8:9:
      8 │ import { KeyboardManagerService } from '@hunt-the-bishomalo/game/api';
        ╵          ~~~~~~~~~~~~~~~~~~~~~~
  'KeyboardManagerService' is declared here.
    libs/game/api/src/index.ts:2:39:
      2 │ ..., GameEngineService, KeyboardManagerService } from '@hunt-the-bi...
        ╵                         ~~~~~~~~~~~~~~~~~~~~~~
✘ [ERROR] NG1010: 'imports' must be an array of components, directives, pipes, or NgModules.
  Value could not be determined statically. [plugin angular-compiler]
    src/app/app.component.ts:11:57:
      11 │ ...uterOutlet, ToastComponent, MenuComponent, GameControlsComponent],
         ╵                                               ~~~~~~~~~~~~~~~~~~~~~
  Unknown reference.
    src/app/app.component.ts:11:57:
      11 │ ...uterOutlet, ToastComponent, MenuComponent, GameControlsComponent],
         ╵                                               ~~~~~~~~~~~~~~~~~~~~~
✘ [ERROR] TS2571: Object is of type 'unknown'. [plugin angular-compiler]
    src/app/app.component.ts:23:4:
      23 │     this.keyboardManager.handleKeyDown(event);
         ╵     ~~~~~~~~~~~~~~~~~~~~
✘ [ERROR] TS2724: '"@hunt-the-bishomalo/game/api"' has no exported member named 'GameStore'. Did you mean 'GAME_STORE'? [plugin angular-compiler]
    src/app/app.config.ts:9:9:
      9 │ import { GameStore } from '@hunt-the-bishomalo/game/api';
        ╵          ~~~~~~~~~
  'GAME_STORE' is declared here.
    libs/game/api/src/index.ts:4:13:
      4 │ export const GAME_STORE = new InjectionToken<typeof GameStore>('GAM...
        ╵              ~~~~~~~~~~
✘ [ERROR] TS2307: Cannot find module '@hunt-the-bishomalo/gamestats' or its corresponding type declarations. [plugin angular-compiler]
    src/app/app.config.ts:13:35:
      13 │ import { LeaderboardService } from '@hunt-the-bishomalo/gamestats';
         ╵                                    ~~~~~~~~~~~~~~~~~~~~~~~~~~~~~~~
✘ [ERROR] TS2339: Property 'JediMindTrickAnimationComponent' does not exist on type 'typeof import("/app/src/app/components/index")'. [plugin angular-compiler]
    src/app/app.routes.ts:16:66:
      16 │ ..../components').then((mod) => mod.JediMindTrickAnimationComponent),
         ╵                                     ~~~~~~~~~~~~~~~~~~~~~~~~~~~~~~~
✘ [ERROR] TS2459: Module '"@hunt-the-bishomalo/game/api"' declares 'GameEngineService' locally, but it is not exported. [plugin angular-compiler]
    src/app/components/menu/menu.component.ts:4:9:
      4 │ import { GameEngineService } from '@hunt-the-bishomalo/game/api';
        ╵          ~~~~~~~~~~~~~~~~~
  'GameEngineService' is declared here.
    libs/game/api/src/index.ts:2:20:
      2 │ import { GameStore, GameEngineService, KeyboardManagerService } fro...
        ╵                     ~~~~~~~~~~~~~~~~~
✘ [ERROR] TS2571: Object is of type 'unknown'. [plugin angular-compiler]
    src/app/components/menu/menu.component.ts:31:4:
      31 │     this.gameEngine.newGame();
         ╵     ~~~~~~~~~~~~~~~
✘ [ERROR] TS2724: '"@hunt-the-bishomalo/game/api"' has no exported member named 'GameStore'. Did you mean 'GAME_STORE'? [plugin angular-compiler]
    src/app/guards/home.guard.ts:4:9:
      4 │ import { GameStore } from '@hunt-the-bishomalo/game/api';
        ╵          ~~~~~~~~~
  'GAME_STORE' is declared here.
    libs/game/api/src/index.ts:4:13:
      4 │ export const GAME_STORE = new InjectionToken<typeof GameStore>('GAM...
        ╵              ~~~~~~~~~~
✘ [ERROR] TS2459: Module '"@hunt-the-bishomalo/game/api"' declares 'GameEngineService' locally, but it is not exported. [plugin angular-compiler]
    src/app/guards/home.guard.ts:5:9:
      5 │ import { GameEngineService } from '@hunt-the-bishomalo/game/api';
        ╵          ~~~~~~~~~~~~~~~~~
  'GameEngineService' is declared here.
    libs/game/api/src/index.ts:2:20:
      2 │ import { GameStore, GameEngineService, KeyboardManagerService } fro...
        ╵                     ~~~~~~~~~~~~~~~~~
✘ [ERROR] TS18046: 'gameStore' is of type 'unknown'. [plugin angular-compiler]
    src/app/guards/home.guard.ts:12:22:
      12 │   const hasSettings = gameStore.settings().size;
         ╵                       ~~~~~~~~~
✘ [ERROR] TS18046: 'gameEngine' is of type 'unknown'. [plugin angular-compiler]
    src/app/guards/home.guard.ts:15:4:
      15 │     gameEngine.initGame();
         ╵     ~~~~~~~~~~
✘ [ERROR] TS2305: Module '"@hunt-the-bishomalo/game/api"' has no exported member 'HuntBishoComponent'. [plugin angular-compiler]
    src/app/pages/index.ts:3:9:
      3 │ export { HuntBishoComponent } from '@hunt-the-bishomalo/game/api';
        ╵          ~~~~~~~~~~~~~~~~~~
✘ [ERROR] TS2724: '"@hunt-the-bishomalo/shop/api"' has no exported member named 'ShopComponent'. Did you mean 'SHOP_COMPONENT'? [plugin angular-compiler]
    src/app/pages/index.ts:4:9:
      4 │ export { ShopComponent } from '@hunt-the-bishomalo/shop/api';
        ╵          ~~~~~~~~~~~~~
  'SHOP_COMPONENT' is declared here.
    libs/shop/api/src/index.ts:4:13:
      4 │ export const SHOP_COMPONENT = new InjectionToken<typeof ShopCompone...
        ╵              ~~~~~~~~~~~~~~
✘ [ERROR] TS2305: Module '"@hunt-the-bishomalo/gamestats/api"' has no exported member 'ResultsComponent'. [plugin angular-compiler]
    src/app/pages/index.ts:7:9:
      7 │ export { ResultsComponent } from '@hunt-the-bishomalo/gamestats/api';
        ╵          ~~~~~~~~~~~~~~~~
✘ [ERROR] TS2307: Cannot find module '@hunt-the-bishomalo/boss' or its corresponding type declarations. [plugin angular-compiler]
    src/app/pages/index.ts:8:35:
      8 │ export { BossFightComponent } from '@hunt-the-bishomalo/boss';
        ╵                                    ~~~~~~~~~~~~~~~~~~~~~~~~~~
● [DEBUG] Resolving import "@hunt-the-bishomalo/gamestats" in directory "/app/src/app" of type "import-statement"
  Checking for package alias matches
    Failed to find any package alias matches
  Read 11 entries for directory "/app/src/app"
  No "browser" map found in directory "/app/src/app"
  Searching for "@hunt-the-bishomalo/gamestats" in "node_modules" directories starting from "/app/src/app"
    Matching "@hunt-the-bishomalo/gamestats" against "paths" in "/app/tsconfig.app.json"
      Using "/app" as "baseUrl"
    Attempting to load "/app/@hunt-the-bishomalo/gamestats" as a file
      Failed to read directory "/app/@hunt-the-bishomalo": open /app/@hunt-the-bishomalo: no such file or directory
    Attempting to load "/app/@hunt-the-bishomalo/gamestats" as a directory
      Read 45 entries for directory "/app"
      Failed to read directory "/app/@hunt-the-bishomalo": open /app/@hunt-the-bishomalo: no such file or directory
      Failed to read directory "/app/@hunt-the-bishomalo"
      Failed to read directory "/app/@hunt-the-bishomalo/gamestats"
    Parsed package name "@hunt-the-bishomalo/gamestats" and package subpath "."
    Checking for a package in the directory "/app/node_modules/@hunt-the-bishomalo/gamestats"
    Read 1027 entries for directory "/app/node_modules"
    Failed to read directory "/app/node_modules/@hunt-the-bishomalo": open /app/node_modules/@hunt-the-bishomalo: no such file or directory
    Failed to read directory "/app/node_modules/@hunt-the-bishomalo"
    Failed to read directory "/app/node_modules/@hunt-the-bishomalo/gamestats"
    Attempting to load "/app/node_modules/@hunt-the-bishomalo/gamestats" as a file
      Failed to read directory "/app/node_modules/@hunt-the-bishomalo": open /app/node_modules/@hunt-the-bishomalo: no such file or directory
    Attempting to load "/app/node_modules/@hunt-the-bishomalo/gamestats" as a directory
      Failed to read directory "/app/node_modules/@hunt-the-bishomalo/gamestats"
✘ [ERROR] Could not resolve "@hunt-the-bishomalo/gamestats"
    src/app/app.config.ts:13:35:
      13 │ import { LeaderboardService } from '@hunt-the-bishomalo/gamestats';
         ╵                                    ~~~~~~~~~~~~~~~~~~~~~~~~~~~~~~~
  You can mark the path "@hunt-the-bishomalo/gamestats" as external to exclude it from the bundle, which will remove this error and leave the unresolved path in the bundle.
● [DEBUG] Resolving import "@hunt-the-bishomalo/boss" in directory "/app/src/app/pages" of type "import-statement"
  Checking for package alias matches
    Failed to find any package alias matches
  Read 3 entries for directory "/app/src/app/pages"
  No "browser" map found in directory "/app/src/app/pages"
  Searching for "@hunt-the-bishomalo/boss" in "node_modules" directories starting from "/app/src/app/pages"
    Matching "@hunt-the-bishomalo/boss" against "paths" in "/app/tsconfig.app.json"
      Using "/app" as "baseUrl"
      Found an exact match for "@hunt-the-bishomalo/boss" in "paths"
      Attempting to load "/app/libs/boss/src/lib/index.ts" as a file
        Checking for file "index.ts"
        Checking for file "index.ts.ts"
        Checking for file "index.ts.tsx"
        Checking for file "index.ts.mjs"
        Checking for file "index.ts.js"
        Checking for file "index.ts.cjs"
        Failed to find file "index.ts"
      Attempting to load "/app/libs/boss/src/lib/index.ts" as a directory
        Read 12 entries for directory "/app/libs"
        Read 8 entries for directory "/app/libs/boss"
        Read 3 entries for directory "/app/libs/boss/src"
        Read 1 entry for directory "/app/libs/boss/src/lib"
        Failed to read directory "/app/libs/boss/src/lib/index.ts": open /app/libs/boss/src/lib/index.ts: no such file or directory
        Failed to read directory "/app/libs/boss/src/lib/index.ts"
    Attempting to load "/app/@hunt-the-bishomalo/boss" as a file
      Failed to read directory "/app/@hunt-the-bishomalo": open /app/@hunt-the-bishomalo: no such file or directory
    Attempting to load "/app/@hunt-the-bishomalo/boss" as a directory
      Failed to read directory "/app/@hunt-the-bishomalo"
      Failed to read directory "/app/@hunt-the-bishomalo/boss"
    Parsed package name "@hunt-the-bishomalo/boss" and package subpath "."
    Checking for a package in the directory "/app/node_modules/@hunt-the-bishomalo/boss"
    Failed to read directory "/app/node_modules/@hunt-the-bishomalo"
    Failed to read directory "/app/node_modules/@hunt-the-bishomalo/boss"
    Attempting to load "/app/node_modules/@hunt-the-bishomalo/boss" as a file
      Failed to read directory "/app/node_modules/@hunt-the-bishomalo": open /app/node_modules/@hunt-the-bishomalo: no such file or directory
    Attempting to load "/app/node_modules/@hunt-the-bishomalo/boss" as a directory
      Failed to read directory "/app/node_modules/@hunt-the-bishomalo/boss"
✘ [ERROR] Could not resolve "@hunt-the-bishomalo/boss"
    src/app/pages/index.ts:8:35:
      8 │ export { BossFightComponent } from '@hunt-the-bishomalo/boss';
        ╵                                    ~~~~~~~~~~~~~~~~~~~~~~~~~~
  You can mark the path "@hunt-the-bishomalo/boss" as external to exclude it from the bundle, which will remove this error and leave the unresolved path in the bundle.
● [DEBUG] Resolving import "./components/controls/game-controls.component" in directory "/app/src/app" of type "import-statement"
  Read 11 entries for directory "/app/src/app"
  Read 3 entries for directory "/app/src/app/components"
  Failed to read directory "/app/src/app/components/controls": open /app/src/app/components/controls: no such file or directory
  Failed to read directory "/app/src/app/components/controls"
  Attempting to load "/app/src/app/components/controls/game-controls.component" as a file
    Failed to read directory "/app/src/app/components/controls": open /app/src/app/components/controls: no such file or directory
  Attempting to load "/app/src/app/components/controls/game-controls.component" as a directory
    Failed to read directory "/app/src/app/components/controls"
    Failed to read directory "/app/src/app/components/controls/game-controls.component"
✘ [ERROR] Could not resolve "./components/controls/game-controls.component"
    src/app/app.component.ts:6:38:
      6 │ ...lsComponent } from './components/controls/game-controls.component';
        ╵                       ~~~~~~~~~~~~~~~~~~~~~~~~~~~~~~~~~~~~~~~~~~~~~~~
● [DEBUG] Resolving import "./hunt-bisho.component" in directory "/app/libs/game/feature/src" of type "import-statement"
  Read 3 entries for directory "/app/libs/game/feature/src"
  Read 3 entries for directory "/app/libs/game/feature/src"
  No "browser" map found in directory "/app/libs/game/feature/src"
  Attempting to load "/app/libs/game/feature/src/hunt-bisho.component" as a file
    Checking for file "hunt-bisho.component"
    Checking for file "hunt-bisho.component.ts"
    Checking for file "hunt-bisho.component.tsx"
    Checking for file "hunt-bisho.component.mjs"
    Checking for file "hunt-bisho.component.js"
    Checking for file "hunt-bisho.component.cjs"
    Failed to find file "hunt-bisho.component"
  Attempting to load "/app/libs/game/feature/src/hunt-bisho.component" as a directory
    Read 3 entries for directory "/app/libs/game/feature/src"
    Failed to read directory "/app/libs/game/feature/src/hunt-bisho.component": open /app/libs/game/feature/src/hunt-bisho.component: no such file or directory
    Failed to read directory "/app/libs/game/feature/src/hunt-bisho.component"
✘ [ERROR] Could not resolve "./hunt-bisho.component"
    libs/game/feature/src/index.ts:1:14:
      1 │ export * from './hunt-bisho.component';
        ╵               ~~~~~~~~~~~~~~~~~~~~~~~~
● [DEBUG] Resolving import "./animations/attack/app-wumpus-attack-animation.component" in directory "/app/libs/game/feature/src" of type "import-statement"
  Read 3 entries for directory "/app/libs/game/feature/src"
  Read 3 entries for directory "/app/libs/game/feature/src"
  Failed to read directory "/app/libs/game/feature/src/animations": open /app/libs/game/feature/src/animations: no such file or directory
  Failed to read directory "/app/libs/game/feature/src/animations"
  Failed to read directory "/app/libs/game/feature/src/animations/attack"
  Attempting to load "/app/libs/game/feature/src/animations/attack/app-wumpus-attack-animation.component" as a file
    Failed to read directory "/app/libs/game/feature/src/animations/attack": open /app/libs/game/feature/src/animations/attack: no such file or directory
  Attempting to load "/app/libs/game/feature/src/animations/attack/app-wumpus-attack-animation.component" as a directory
    Failed to read directory "/app/libs/game/feature/src/animations/attack"
    Failed to read directory "/app/libs/game/feature/src/animations/attack/app-wumpus-attack-animation.component"
✘ [ERROR] Could not resolve "./animations/attack/app-wumpus-attack-animation.component"
    libs/game/feature/src/index.ts:2:14:
      2 │ export * from './animations/attack/app-wumpus-attack-animation.comp...
        ╵               ~~~~~~~~~~~~~~~~~~~~~~~~~~~~~~~~~~~~~~~~~~~~~~~~~~~~~
● [DEBUG] Resolving import "./animations/jedi/jedi-mind-trick-animation.component" in directory "/app/libs/game/feature/src" of type "import-statement"
  Read 3 entries for directory "/app/libs/game/feature/src"
  Failed to read directory "/app/libs/game/feature/src/animations"
  Failed to read directory "/app/libs/game/feature/src/animations/jedi"
  Attempting to load "/app/libs/game/feature/src/animations/jedi/jedi-mind-trick-animation.component" as a file
    Failed to read directory "/app/libs/game/feature/src/animations/jedi": open /app/libs/game/feature/src/animations/jedi: no such file or directory
  Attempting to load "/app/libs/game/feature/src/animations/jedi/jedi-mind-trick-animation.component" as a directory
    Failed to read directory "/app/libs/game/feature/src/animations/jedi"
    Failed to read directory "/app/libs/game/feature/src/animations/jedi/jedi-mind-trick-animation.component"
✘ [ERROR] Could not resolve "./animations/jedi/jedi-mind-trick-animation.component"
    libs/game/feature/src/index.ts:3:14:
      3 │ export * from './animations/jedi/jedi-mind-trick-animation.component';
        ╵               ~~~~~~~~~~~~~~~~~~~~~~~~~~~~~~~~~~~~~~~~~~~~~~~~~~~~~~~
● [DEBUG] Resolving import "./game-store" in directory "/app/libs/game/data-access/src" of type "import-statement"
  Read 3 entries for directory "/app/libs/game/data-access/src"
  Read 3 entries for directory "/app/libs/game/data-access/src"
  No "browser" map found in directory "/app/libs/game/data-access/src"
  Attempting to load "/app/libs/game/data-access/src/game-store" as a file
    Checking for file "game-store"
    Checking for file "game-store.ts"
    Checking for file "game-store.tsx"
    Checking for file "game-store.mjs"
    Checking for file "game-store.js"
    Checking for file "game-store.cjs"
    Failed to find file "game-store"
  Attempting to load "/app/libs/game/data-access/src/game-store" as a directory
    Read 3 entries for directory "/app/libs/game/data-access/src"
    Failed to read directory "/app/libs/game/data-access/src/game-store": open /app/libs/game/data-access/src/game-store: no such file or directory
    Failed to read directory "/app/libs/game/data-access/src/game-store"
✘ [ERROR] Could not resolve "./game-store"
    libs/game/data-access/src/index.ts:1:14:
      1 │ export * from './game-store';
        ╵               ~~~~~~~~~~~~~~
● [DEBUG] Resolving import "./game-engine.service" in directory "/app/libs/game/data-access/src" of type "import-statement"
  Read 3 entries for directory "/app/libs/game/data-access/src"
  Read 3 entries for directory "/app/libs/game/data-access/src"
  No "browser" map found in directory "/app/libs/game/data-access/src"
  Attempting to load "/app/libs/game/data-access/src/game-engine.service" as a file
    Checking for file "game-engine.service"
    Checking for file "game-engine.service.ts"
    Checking for file "game-engine.service.tsx"
    Checking for file "game-engine.service.mjs"
    Checking for file "game-engine.service.js"
    Checking for file "game-engine.service.cjs"
    Failed to find file "game-engine.service"
  Attempting to load "/app/libs/game/data-access/src/game-engine.service" as a directory
    Read 3 entries for directory "/app/libs/game/data-access/src"
    Failed to read directory "/app/libs/game/data-access/src/game-engine.service": open /app/libs/game/data-access/src/game-engine.service: no such file or directory
    Failed to read directory "/app/libs/game/data-access/src/game-engine.service"
✘ [ERROR] Could not resolve "./game-engine.service"
    libs/game/data-access/src/index.ts:2:14:
      2 │ export * from './game-engine.service';
        ╵               ~~~~~~~~~~~~~~~~~~~~~~~
● [DEBUG] Resolving import "./game-event.service" in directory "/app/libs/game/data-access/src" of type "import-statement"
  Read 3 entries for directory "/app/libs/game/data-access/src"
  Read 3 entries for directory "/app/libs/game/data-access/src"
  No "browser" map found in directory "/app/libs/game/data-access/src"
  Attempting to load "/app/libs/game/data-access/src/game-event.service" as a file
    Checking for file "game-event.service"
    Checking for file "game-event.service.ts"
    Checking for file "game-event.service.tsx"
    Checking for file "game-event.service.mjs"
    Checking for file "game-event.service.js"
    Checking for file "game-event.service.cjs"
    Failed to find file "game-event.service"
  Attempting to load "/app/libs/game/data-access/src/game-event.service" as a directory
    Read 3 entries for directory "/app/libs/game/data-access/src"
    Failed to read directory "/app/libs/game/data-access/src/game-event.service": open /app/libs/game/data-access/src/game-event.service: no such file or directory
    Failed to read directory "/app/libs/game/data-access/src/game-event.service"
✘ [ERROR] Could not resolve "./game-event.service"
    libs/game/data-access/src/index.ts:3:14:
      3 │ export * from './game-event.service';
        ╵               ~~~~~~~~~~~~~~~~~~~~~~
● [DEBUG] Resolving import "./board-generator.service" in directory "/app/libs/game/data-access/src" of type "import-statement"
  Read 3 entries for directory "/app/libs/game/data-access/src"
  Read 3 entries for directory "/app/libs/game/data-access/src"
  No "browser" map found in directory "/app/libs/game/data-access/src"
  Attempting to load "/app/libs/game/data-access/src/board-generator.service" as a file
    Checking for file "board-generator.service"
    Checking for file "board-generator.service.ts"
    Checking for file "board-generator.service.tsx"
    Checking for file "board-generator.service.mjs"
    Checking for file "board-generator.service.js"
    Checking for file "board-generator.service.cjs"
    Failed to find file "board-generator.service"
  Attempting to load "/app/libs/game/data-access/src/board-generator.service" as a directory
    Read 3 entries for directory "/app/libs/game/data-access/src"
    Failed to read directory "/app/libs/game/data-access/src/board-generator.service": open /app/libs/game/data-access/src/board-generator.service: no such file or directory
    Failed to read directory "/app/libs/game/data-access/src/board-generator.service"
✘ [ERROR] Could not resolve "./board-generator.service"
    libs/game/data-access/src/index.ts:4:14:
      4 │ export * from './board-generator.service';
        ╵               ~~~~~~~~~~~~~~~~~~~~~~~~~~~
● [DEBUG] Resolving import "./perception.service" in directory "/app/libs/game/data-access/src" of type "import-statement"
  Read 3 entries for directory "/app/libs/game/data-access/src"
  Read 3 entries for directory "/app/libs/game/data-access/src"
  No "browser" map found in directory "/app/libs/game/data-access/src"
  Attempting to load "/app/libs/game/data-access/src/perception.service" as a file
    Checking for file "perception.service"
    Checking for file "perception.service.ts"
    Checking for file "perception.service.tsx"
    Checking for file "perception.service.mjs"
    Checking for file "perception.service.js"
    Checking for file "perception.service.cjs"
    Failed to find file "perception.service"
  Attempting to load "/app/libs/game/data-access/src/perception.service" as a directory
    Read 3 entries for directory "/app/libs/game/data-access/src"
    Failed to read directory "/app/libs/game/data-access/src/perception.service": open /app/libs/game/data-access/src/perception.service: no such file or directory
    Failed to read directory "/app/libs/game/data-access/src/perception.service"
✘ [ERROR] Could not resolve "./perception.service"
    libs/game/data-access/src/index.ts:5:14:
      5 │ export * from './perception.service';
        ╵               ~~~~~~~~~~~~~~~~~~~~~~
● [DEBUG] Resolving import "./keyboard-manager.service" in directory "/app/libs/game/data-access/src" of type "import-statement"
  Read 3 entries for directory "/app/libs/game/data-access/src"
  Read 3 entries for directory "/app/libs/game/data-access/src"
  No "browser" map found in directory "/app/libs/game/data-access/src"
  Attempting to load "/app/libs/game/data-access/src/keyboard-manager.service" as a file
    Checking for file "keyboard-manager.service"
    Checking for file "keyboard-manager.service.ts"
    Checking for file "keyboard-manager.service.tsx"
    Checking for file "keyboard-manager.service.mjs"
    Checking for file "keyboard-manager.service.js"
    Checking for file "keyboard-manager.service.cjs"
    Failed to find file "keyboard-manager.service"
  Attempting to load "/app/libs/game/data-access/src/keyboard-manager.service" as a directory
    Read 3 entries for directory "/app/libs/game/data-access/src"
    Failed to read directory "/app/libs/game/data-access/src/keyboard-manager.service": open /app/libs/game/data-access/src/keyboard-manager.service: no such file or directory
    Failed to read directory "/app/libs/game/data-access/src/keyboard-manager.service"
✘ [ERROR] Could not resolve "./keyboard-manager.service"
    libs/game/data-access/src/index.ts:6:14:
      6 │ export * from './keyboard-manager.service';
        ╵               ~~~~~~~~~~~~~~~~~~~~~~~~~~~~
● [DEBUG] Resolving import "./features/config.feature" in directory "/app/libs/game/data-access/src" of type "import-statement"
  Read 3 entries for directory "/app/libs/game/data-access/src"
  Read 3 entries for directory "/app/libs/game/data-access/src"
  Failed to read directory "/app/libs/game/data-access/src/features": open /app/libs/game/data-access/src/features: no such file or directory
  Failed to read directory "/app/libs/game/data-access/src/features"
  Attempting to load "/app/libs/game/data-access/src/features/config.feature" as a file
    Failed to read directory "/app/libs/game/data-access/src/features": open /app/libs/game/data-access/src/features: no such file or directory
  Attempting to load "/app/libs/game/data-access/src/features/config.feature" as a directory
    Failed to read directory "/app/libs/game/data-access/src/features"
    Failed to read directory "/app/libs/game/data-access/src/features/config.feature"
✘ [ERROR] Could not resolve "./features/config.feature"
    libs/game/data-access/src/index.ts:7:14:
      7 │ export * from './features/config.feature';
        ╵               ~~~~~~~~~~~~~~~~~~~~~~~~~~~
● [DEBUG] Resolving import "./features/game-status.feature" in directory "/app/libs/game/data-access/src" of type "import-statement"
  Read 3 entries for directory "/app/libs/game/data-access/src"
  Failed to read directory "/app/libs/game/data-access/src/features"
  Attempting to load "/app/libs/game/data-access/src/features/game-status.feature" as a file
    Failed to read directory "/app/libs/game/data-access/src/features": open /app/libs/game/data-access/src/features: no such file or directory
  Attempting to load "/app/libs/game/data-access/src/features/game-status.feature" as a directory
    Failed to read directory "/app/libs/game/data-access/src/features"
    Failed to read directory "/app/libs/game/data-access/src/features/game-status.feature"
✘ [ERROR] Could not resolve "./features/game-status.feature"
    libs/game/data-access/src/index.ts:8:14:
      8 │ export * from './features/game-status.feature';
        ╵               ~~~~~~~~~~~~~~~~~~~~~~~~~~~~~~~~
● [DEBUG] Resolving import "./features/hunter.feature" in directory "/app/libs/game/data-access/src" of type "import-statement"
  Read 3 entries for directory "/app/libs/game/data-access/src"
  Failed to read directory "/app/libs/game/data-access/src/features"
  Attempting to load "/app/libs/game/data-access/src/features/hunter.feature" as a file
    Failed to read directory "/app/libs/game/data-access/src/features": open /app/libs/game/data-access/src/features: no such file or directory
  Attempting to load "/app/libs/game/data-access/src/features/hunter.feature" as a directory
    Failed to read directory "/app/libs/game/data-access/src/features"
    Failed to read directory "/app/libs/game/data-access/src/features/hunter.feature"
✘ [ERROR] Could not resolve "./features/hunter.feature"
    libs/game/data-access/src/index.ts:9:14:
      9 │ export * from './features/hunter.feature';
        ╵               ~~~~~~~~~~~~~~~~~~~~~~~~~~~
● [DEBUG] Resolving import "./cell/game-cell.component" in directory "/app/libs/game/ui/src" of type "import-statement"
  Read 3 entries for directory "/app/libs/game/ui/src"
  Read 3 entries for directory "/app/libs/game/ui/src"
  Failed to read directory "/app/libs/game/ui/src/cell": open /app/libs/game/ui/src/cell: no such file or directory
  Failed to read directory "/app/libs/game/ui/src/cell"
  Attempting to load "/app/libs/game/ui/src/cell/game-cell.component" as a file
    Failed to read directory "/app/libs/game/ui/src/cell": open /app/libs/game/ui/src/cell: no such file or directory
  Attempting to load "/app/libs/game/ui/src/cell/game-cell.component" as a directory
    Failed to read directory "/app/libs/game/ui/src/cell"
    Failed to read directory "/app/libs/game/ui/src/cell/game-cell.component"
✘ [ERROR] Could not resolve "./cell/game-cell.component"
    libs/game/ui/src/index.ts:1:14:
      1 │ export * from './cell/game-cell.component';
        ╵               ~~~~~~~~~~~~~~~~~~~~~~~~~~~~
● [DEBUG] Resolving import "./controls/mobile-controls.component" in directory "/app/libs/game/ui/src" of type "import-statement"
  Read 3 entries for directory "/app/libs/game/ui/src"
  Read 3 entries for directory "/app/libs/game/ui/src"
  Failed to read directory "/app/libs/game/ui/src/controls": open /app/libs/game/ui/src/controls: no such file or directory
  Failed to read directory "/app/libs/game/ui/src/controls"
  Attempting to load "/app/libs/game/ui/src/controls/mobile-controls.component" as a file
    Failed to read directory "/app/libs/game/ui/src/controls": open /app/libs/game/ui/src/controls: no such file or directory
  Attempting to load "/app/libs/game/ui/src/controls/mobile-controls.component" as a directory
    Failed to read directory "/app/libs/game/ui/src/controls"
    Failed to read directory "/app/libs/game/ui/src/controls/mobile-controls.component"
✘ [ERROR] Could not resolve "./controls/mobile-controls.component"
    libs/game/ui/src/index.ts:2:14:
      2 │ export * from './controls/mobile-controls.component';
        ╵               ~~~~~~~~~~~~~~~~~~~~~~~~~~~~~~~~~~~~~~
● [DEBUG] Resolving import "./message/game-message.component" in directory "/app/libs/game/ui/src" of type "import-statement"
  Read 3 entries for directory "/app/libs/game/ui/src"
  Read 3 entries for directory "/app/libs/game/ui/src"
  Failed to read directory "/app/libs/game/ui/src/message": open /app/libs/game/ui/src/message: no such file or directory
  Failed to read directory "/app/libs/game/ui/src/message"
  Attempting to load "/app/libs/game/ui/src/message/game-message.component" as a file
    Failed to read directory "/app/libs/game/ui/src/message": open /app/libs/game/ui/src/message: no such file or directory
  Attempting to load "/app/libs/game/ui/src/message/game-message.component" as a directory
    Failed to read directory "/app/libs/game/ui/src/message"
    Failed to read directory "/app/libs/game/ui/src/message/game-message.component"
✘ [ERROR] Could not resolve "./message/game-message.component"
    libs/game/ui/src/index.ts:3:14:
      3 │ export * from './message/game-message.component';
        ╵               ~~~~~~~~~~~~~~~~~~~~~~~~~~~~~~~~~~
● [DEBUG] Resolving import "./lives/game-lives.component" in directory "/app/libs/game/ui/src" of type "import-statement"
  Read 3 entries for directory "/app/libs/game/ui/src"
  Read 3 entries for directory "/app/libs/game/ui/src"
  Failed to read directory "/app/libs/game/ui/src/lives": open /app/libs/game/ui/src/lives: no such file or directory
  Failed to read directory "/app/libs/game/ui/src/lives"
  Attempting to load "/app/libs/game/ui/src/lives/game-lives.component" as a file
    Failed to read directory "/app/libs/game/ui/src/lives": open /app/libs/game/ui/src/lives: no such file or directory
  Attempting to load "/app/libs/game/ui/src/lives/game-lives.component" as a directory
    Failed to read directory "/app/libs/game/ui/src/lives"
    Failed to read directory "/app/libs/game/ui/src/lives/game-lives.component"
✘ [ERROR] Could not resolve "./lives/game-lives.component"
    libs/game/ui/src/index.ts:4:14:
      4 │ export * from './lives/game-lives.component';
        ╵               ~~~~~~~~~~~~~~~~~~~~~~~~~~~~~~
● [DEBUG] Resolving import "./level/game-level.component" in directory "/app/libs/game/ui/src" of type "import-statement"
  Read 3 entries for directory "/app/libs/game/ui/src"
  Read 3 entries for directory "/app/libs/game/ui/src"
  Failed to read directory "/app/libs/game/ui/src/level": open /app/libs/game/ui/src/level: no such file or directory
  Failed to read directory "/app/libs/game/ui/src/level"
  Attempting to load "/app/libs/game/ui/src/level/game-level.component" as a file
    Failed to read directory "/app/libs/game/ui/src/level": open /app/libs/game/ui/src/level: no such file or directory
  Attempting to load "/app/libs/game/ui/src/level/game-level.component" as a directory
    Failed to read directory "/app/libs/game/ui/src/level"
    Failed to read directory "/app/libs/game/ui/src/level/game-level.component"
✘ [ERROR] Could not resolve "./level/game-level.component"
    libs/game/ui/src/index.ts:5:14:
      5 │ export * from './level/game-level.component';
        ╵               ~~~~~~~~~~~~~~~~~~~~~~~~~~~~~~
● [DEBUG] Resolving import "./blackout/blackout.component" in directory "/app/libs/game/ui/src" of type "import-statement"
  Read 3 entries for directory "/app/libs/game/ui/src"
  Read 3 entries for directory "/app/libs/game/ui/src"
  Failed to read directory "/app/libs/game/ui/src/blackout": open /app/libs/game/ui/src/blackout: no such file or directory
  Failed to read directory "/app/libs/game/ui/src/blackout"
  Attempting to load "/app/libs/game/ui/src/blackout/blackout.component" as a file
    Failed to read directory "/app/libs/game/ui/src/blackout": open /app/libs/game/ui/src/blackout: no such file or directory
  Attempting to load "/app/libs/game/ui/src/blackout/blackout.component" as a directory
    Failed to read directory "/app/libs/game/ui/src/blackout"
    Failed to read directory "/app/libs/game/ui/src/blackout/blackout.component"
✘ [ERROR] Could not resolve "./blackout/blackout.component"
    libs/game/ui/src/index.ts:6:14:
      6 │ export * from './blackout/blackout.component';
        ╵               ~~~~~~~~~~~~~~~~~~~~~~~~~~~~~~~
● [DEBUG] Resolving import "./visual-effect.directive" in directory "/app/libs/game/ui/src" of type "import-statement"
  Read 3 entries for directory "/app/libs/game/ui/src"
  Read 3 entries for directory "/app/libs/game/ui/src"
  No "browser" map found in directory "/app/libs/game/ui/src"
  Attempting to load "/app/libs/game/ui/src/visual-effect.directive" as a file
    Checking for file "visual-effect.directive"
    Checking for file "visual-effect.directive.ts"
    Checking for file "visual-effect.directive.tsx"
    Checking for file "visual-effect.directive.mjs"
    Checking for file "visual-effect.directive.js"
    Checking for file "visual-effect.directive.cjs"
    Failed to find file "visual-effect.directive"
  Attempting to load "/app/libs/game/ui/src/visual-effect.directive" as a directory
    Read 3 entries for directory "/app/libs/game/ui/src"
    Failed to read directory "/app/libs/game/ui/src/visual-effect.directive": open /app/libs/game/ui/src/visual-effect.directive: no such file or directory
    Failed to read directory "/app/libs/game/ui/src/visual-effect.directive"
✘ [ERROR] Could not resolve "./visual-effect.directive"
    libs/game/ui/src/index.ts:7:14:
      7 │ export * from './visual-effect.directive';
        ╵               ~~~~~~~~~~~~~~~~~~~~~~~~~~~
● [DEBUG] Resolving import "./shop.component" in directory "/app/libs/shop/feature/src" of type "import-statement"
  Read 3 entries for directory "/app/libs/shop/feature/src"
  Read 3 entries for directory "/app/libs/shop/feature/src"
  No "browser" map found in directory "/app/libs/shop/feature/src"
  Attempting to load "/app/libs/shop/feature/src/shop.component" as a file
    Checking for file "shop.component"
    Checking for file "shop.component.ts"
    Checking for file "shop.component.tsx"
    Checking for file "shop.component.mjs"
    Checking for file "shop.component.js"
    Checking for file "shop.component.cjs"
    Failed to find file "shop.component"
  Attempting to load "/app/libs/shop/feature/src/shop.component" as a directory
    Read 3 entries for directory "/app/libs/shop/feature/src"
    Failed to read directory "/app/libs/shop/feature/src/shop.component": open /app/libs/shop/feature/src/shop.component: no such file or directory
    Failed to read directory "/app/libs/shop/feature/src/shop.component"
✘ [ERROR] Could not resolve "./shop.component"
    libs/shop/feature/src/index.ts:1:14:
      1 │ export * from './shop.component';
        ╵               ~~~~~~~~~~~~~~~~~~
● [DEBUG] Resolving import "./leaderboard.service" in directory "/app/libs/gamestats/data-access/src" of type "import-statement"
  Read 3 entries for directory "/app/libs/gamestats/data-access/src"
  Read 3 entries for directory "/app/libs/gamestats/data-access/src"
  No "browser" map found in directory "/app/libs/gamestats/data-access/src"
  Attempting to load "/app/libs/gamestats/data-access/src/leaderboard.service" as a file
    Checking for file "leaderboard.service"
    Checking for file "leaderboard.service.ts"
    Checking for file "leaderboard.service.tsx"
    Checking for file "leaderboard.service.mjs"
    Checking for file "leaderboard.service.js"
    Checking for file "leaderboard.service.cjs"
    Failed to find file "leaderboard.service"
  Attempting to load "/app/libs/gamestats/data-access/src/leaderboard.service" as a directory
    Read 3 entries for directory "/app/libs/gamestats/data-access/src"
    Failed to read directory "/app/libs/gamestats/data-access/src/leaderboard.service": open /app/libs/gamestats/data-access/src/leaderboard.service: no such file or directory
    Failed to read directory "/app/libs/gamestats/data-access/src/leaderboard.service"
✘ [ERROR] Could not resolve "./leaderboard.service"
    libs/gamestats/data-access/src/index.ts:1:14:
      1 │ export * from './leaderboard.service';
        ╵               ~~~~~~~~~~~~~~~~~~~~~~~
90 errors
[32m✔[39m Building...
[37mApplication bundle generation failed. [6.770 seconds] - 2026-03-13T01:15:21.162Z
[39m
[1m[31m[31m✘ [41;31m[[41;97mERROR[41;31m][0m [1mTS2724: '"@hunt-the-bishomalo/game/api"' has no exported member named 'GameStore'. Did you mean 'GAME_STORE'?[0m [1m[35m[plugin angular-compiler][0m
    libs/achievements/data-access/src/lib/achievement.service.ts:8:9:
[37m      8 │ import { [32mGameStore[37m } from '@hunt-the-bishomalo/game/api';
        ╵          [32m~~~~~~~~~[0m
  'GAME_STORE' is declared here.
    libs/game/api/src/index.ts:4:13:
[37m      4 │ export const [32mGAME_STORE[37m = new InjectionToken<typeof GameStore>('GAM...
        ╵              [32m~~~~~~~~~~[0m
[31m✘ [41;31m[[41;97mERROR[41;31m][0m [1mTS2571: Object is of type 'unknown'.[0m [1m[35m[plugin angular-compiler][0m
    libs/achievements/data-access/src/lib/achievement.service.ts:32:8:
[37m      32 │     if ([32mthis.gameStore[37m.wumpusKilled() === 5) {
         ╵         [32m~~~~~~~~~~~~~~[0m
[31m✘ [41;31m[[41;97mERROR[41;31m][0m [1mTS2571: Object is of type 'unknown'.[0m [1m[35m[plugin angular-compiler][0m
    libs/achievements/data-access/src/lib/achievement.service.ts:39:8:
[37m      39 │     if ([32mthis.gameStore[37m.isAlive()) return;
         ╵         [32m~~~~~~~~~~~~~~[0m
[31m✘ [41;31m[[41;97mERROR[41;31m][0m [1mTS2571: Object is of type 'unknown'.[0m [1m[35m[plugin angular-compiler][0m
    libs/achievements/data-access/src/lib/achievement.service.ts:40:24:
[37m      40 │     const achievement = [32mthis.gameStore[37m.blackout()
         ╵                         [32m~~~~~~~~~~~~~~[0m
[31m✘ [41;31m[[41;97mERROR[41;31m][0m [1mTS2571: Object is of type 'unknown'.[0m [1m[35m[plugin angular-compiler][0m
    libs/achievements/data-access/src/lib/achievement.service.ts:73:25:
[37m      73 │     const wumpusKilled = [32mthis.gameStore[37m.wumpusKilled();
         ╵                          [32m~~~~~~~~~~~~~~[0m
[31m✘ [41;31m[[41;97mERROR[41;31m][0m [1mTS2571: Object is of type 'unknown'.[[39m[22m[1m[31m0m [1m[35m[plugin angular-compiler][0m
    libs/achievements/data-access/src/lib/achievement.service.ts:74:23:
[37m      74 │     const { arrows } = [32mthis.gameStore[37m.hunter();
         ╵                        [32m~~~~~~~~~~~~~~[0m
[31m✘ [41;31m[[41;97mERROR[41;31m][0m [1mTS2571: Object is of type 'unknown'.[0m [1m[35m[plugin angular-compiler][0m
    libs/achievements/data-access/src/lib/achievement.service.ts:75:31:
[37m      75 │     const { blackout, size } = [32mthis.gameStore[37m.settings();
         ╵                                [32m~~~~~~~~~~~~~~[0m
[31m✘ [41;31m[[41;97mERROR[41;31m][0m [1mTS2571: Object is of type 'unknown'.[0m [1m[35m[plugin angular-compiler][0m
    libs/achievements/data-access/src/lib/achievement.service.ts:90:25:
[37m      90 │     const { blackout } = [32mthis.gameStore[37m.settings();
         ╵                          [32m~~~~~~~~~~~~~~[0m
[31m✘ [41;31m[[41;97mERROR[41;31m][0m [1mTS2571: Object is of type 'unknown'.[0m [1m[35m[plugin angular-compiler][0m
    libs/achievements/data-access/src/lib/achievement.service.ts:99:21:
[37m      99 │     const { x, y } = [32mthis.gameStore[37m.hunter();
         ╵                      [32m~~~~~~~~~~~~~~[0m
[31m✘ [41;31m[[41;97mERROR[41;31m][0m [1mTS2571: Object is of type 'unknown'.[0m [1m[35m[plugin angular-compiler][0m
    libs/achievements/data-access/src/lib/achievement.service.ts:106:18:
[37m      106 │     const board = [32mthis.gameStore[37m.board();
          ╵                   [32m~~~~~~~~~~~~~~[0m
[31m✘ [41;31m[[41;97mERROR[41;31m][0m [1mTS2571: Object is of type 'unknown'.[0m [1m[35m[plugin angular-compiler][0m
    libs/achievements/data-access/src/lib/achievement.service.ts:118:27:
[37m      118 │     const { size, pits } = [32mthis.gameStore[37m.settings();
          ╵                            [32m~~~~~~~~~~~~~~[0m
[31m✘ [41;31m[[41;97mERROR[41;31m][0m [1mTS2571: O[39m[22m[1m[31mbject is of type 'unknown'.[0m [1m[35m[plugin angular-compiler][0m
    libs/chars/src/lib/chars/characters.component.html:1:28:
[37m      1 │ @let onwedChars = gameStore.[32munlockedChars[37m();
        ╵                             [32m~~~~~~~~~~~~~[0m
  Error occurs in the template of component CharactersComponent.
    libs/chars/src/lib/chars/characters.component.ts:13:15:
[37m      13 │   templateUrl: [32m'./characters.component.html'[37m,
         ╵                [32m~~~~~~~~~~~~~~~~~~~~~~~~~~~~~[0m
[31m✘ [41;31m[[41;97mERROR[41;31m][0m [1mTS2724: '"@hunt-the-bishomalo/game/api"' has no exported member named 'GameStore'. Did you mean 'GAME_STORE'?[0m [1m[35m[plugin angular-compiler][0m
    libs/chars/src/lib/chars/characters.component.ts:6:9:
[37m      6 │ import { [32mGameStore[37m } from '@hunt-the-bishomalo/game/api';
        ╵          [32m~~~~~~~~~[0m
  'GAME_STORE' is declared here.
    libs/game/api/src/index.ts:4:13:
[37m      4 │ export const [32mGAME_STORE[37m = new InjectionToken<typeof GameStore>('GAM...
        ╵              [32m~~~~~~~~~~[0m
[31m✘ [41;31m[[41;97mERROR[41;31m][0m [1mTS2571: Object is of type 'unknown'.[0m [1m[35m[plugin angular-compiler][0m
    libs/chars/src/lib/chars/characters.component.ts:35:6:
[37m      35 │       [32mthis.gameStore[37m.updateGame({
         ╵       [32m~~~~~~~~~~~~~~[0m
[31m✘ [41;31m[[41;97mERROR[41;31m][0m [1mTS2571: Object is of type 'unknown'.[0m [1m[35m[plugin angular-compiler][0m
    libs/chars/src/lib/chars/characters.component.ts:36:27:
[37m      36 │         unlockedChars: [...[32mthis.gameStore[37m.unlockedChars(), selected],
         ╵                            [32m~~~~~~~~~~~~~~[0m
[31m✘ [41;31m[[41;97mERROR[41;31m][0m [1mTS2571: Object is of type 'unknown'.[0m [1m[35m[plugin angular-compiler][0m
    libs/config/src/lib/config/game-config.component.html:1:23:
[37m      1 │ @let chars = gameStore.[32munlo[39m[22m[1m[31mckedChars[37m();
        ╵                        [32m~~~~~~~~~~~~~[0m
  Error occurs in the template of component GameConfigComponent.
    libs/config/src/lib/config/game-config.component.ts:21:15:
[37m      21 │   templateUrl: [32m'./game-config.component.html'[37m,
         ╵                [32m~~~~~~~~~~~~~~~~~~~~~~~~~~~~~~[0m
[31m✘ [41;31m[[41;97mERROR[41;31m][0m [1mTS2305: Module '"@hunt-the-bishomalo/core"' has no exported member 'GameEngineService'.[0m [1m[35m[plugin angular-compiler][0m
    libs/config/src/lib/config/game-config.component.ts:5:9:
[37m      5 │ import { [32mGameEngineService[37m, GameSoundService } from '@hunt-the-bish...
        ╵          [32m~~~~~~~~~~~~~~~~~[0m
[31m✘ [41;31m[[41;97mERROR[41;31m][0m [1mTS2724: '"@hunt-the-bishomalo/game/api"' has no exported member named 'GameStore'. Did you mean 'GAME_STORE'?[0m [1m[35m[plugin angular-compiler][0m
    libs/config/src/lib/config/game-config.component.ts:15:9:
[37m      15 │ import { [32mGameStore[37m } from '@hunt-the-bishomalo/game/api';
         ╵          [32m~~~~~~~~~[0m
  'GAME_STORE' is declared here.
    libs/game/api/src/index.ts:4:13:
[37m      4 │ export const [32mGAME_STORE[37m = new InjectionToken<typeof GameStore>('GAM...
        ╵              [32m~~~~~~~~~~[0m
[31m✘ [41;31m[[41;97mERROR[41;31m][0m [1mTS2571: Object is of type 'unknown'.[0m [1m[35m[plugin angular-compiler][0m
    libs/config/src/lib/config/game-config.component.ts:46:6:
[37m      46 │       [32mthis.gameStore[37m.updateGame({
         ╵       [32m~~~~~~~~~~~~~~[0m
[31m✘ [41;31m[[41;97mERROR[41;31m][0m [1mTS2571: Object is of type 'unknown'.[0m [1m[35m[plugin angular-compiler][0m
    libs/config/src/lib/config/game-config.component.ts:57:6:
[37m      57 │       [32mthis.gameEngine[37m.initGame();
         ╵       [32m~~~~~~~~~~~~~~~[0m
[31m✘ [41;31m[[41;97mERROR[41;31m][0m [1mTS2305: Module '"@hunt-the-bishomalo/c[39m[22m[1m[31more"' has no exported member 'GameEngineService'.[0m [1m[35m[plugin angular-compiler][0m
    libs/credits/src/lib/credits/end-credits.component.ts:6:9:
[37m      6 │ import { [32mGameEngineService[37m, GameSoundService } from '@hunt-the-bish...
        ╵          [32m~~~~~~~~~~~~~~~~~[0m
[31m✘ [41;31m[[41;97mERROR[41;31m][0m [1mTS2571: Object is of type 'unknown'.[0m [1m[35m[plugin angular-compiler][0m
    libs/credits/src/lib/credits/end-credits.component.ts:76:4:
[37m      76 │     [32mthis.gameEngine[37m.newGame();
         ╵     [32m~~~~~~~~~~~~~~~[0m
[31m✘ [41;31m[[41;97mERROR[41;31m][0m [1mTS2305: Module '"@hunt-the-bishomalo/game/data-access"' has no exported member 'GameStore'.[0m [1m[35m[plugin angular-compiler][0m
    libs/game/api/src/index.ts:2:9:
[37m      2 │ import { [32mGameStore[37m, GameEngineService, KeyboardManagerService } fro...
        ╵          [32m~~~~~~~~~[0m
[31m✘ [41;31m[[41;97mERROR[41;31m][0m [1mTS2305: Module '"@hunt-the-bishomalo/game/data-access"' has no exported member 'GameEngineService'.[0m [1m[35m[plugin angular-compiler][0m
    libs/game/api/src/index.ts:2:20:
[37m      2 │ import { GameStore, [32mGameEngineService[37m, KeyboardManagerService } fro...
        ╵                     [32m~~~~~~~~~~~~~~~~~[0m
[31m✘ [41;31m[[41;97mERROR[41;31m][0m [1mTS2305: Module '"@hunt-the-bishomalo/game/data-access"' has no exported member 'KeyboardManagerService'.[0m [1m[35m[plugin angular-compiler][0m
    libs/game/api/src/index.ts:2:39:
[37m      2 │ ..., GameEngineService, [32mKeyboardManagerService[37m } from '@hunt-the-bi...
        ╵                         [32m~~~~~~~~~~~~~~~~~~~~~~[0m
[31m✘ [41;31m[[41;97mERROR[41;31m][0m [1mCould not resolve "./game-store"[0m
    libs/game/data-access/src/index.ts:1:14:
[37m      1 │ export * from [32m'./game-store'[37m;
        ╵               [32m~~~~~~~~~~~~~~[0m
[31m✘ [41;31m[[41;97mERROR[41;31m][39m[22m[1m[31m[0m [1mTS2307: Cannot find module './game-store' or its corresponding type declarations.[0m [1m[35m[plugin angular-compiler][0m
    libs/game/data-access/src/index.ts:1:14:
[37m      1 │ export * from [32m'./game-store'[37m;
        ╵               [32m~~~~~~~~~~~~~~[0m
[31m✘ [41;31m[[41;97mERROR[41;31m][0m [1mCould not resolve "./game-engine.service"[0m
    libs/game/data-access/src/index.ts:2:14:
[37m      2 │ export * from [32m'./game-engine.service'[37m;
        ╵               [32m~~~~~~~~~~~~~~~~~~~~~~~[0m
[31m✘ [41;31m[[41;97mERROR[41;31m][0m [1mTS2307: Cannot find module './game-engine.service' or its corresponding type declarations.[0m [1m[35m[plugin angular-compiler][0m
    libs/game/data-access/src/index.ts:2:14:
[37m      2 │ export * from [32m'./game-engine.service'[37m;
        ╵               [32m~~~~~~~~~~~~~~~~~~~~~~~[0m
[31m✘ [41;31m[[41;97mERROR[41;31m][0m [1mCould not resolve "./game-event.service"[0m
    libs/game/data-access/src/index.ts:3:14:
[37m      3 │ export * from [32m'./game-event.service'[37m;
        ╵               [32m~~~~~~~~~~~~~~~~~~~~~~[0m
[31m✘ [41;31m[[41;97mERROR[41;31m][0m [1mTS2307: Cannot find module './game-event.service' or its corresponding type declarations.[0m [1m[35m[plugin angular-compiler][0m
    libs/game/data-access/src/index.ts:3:14:
[37m      3 │ export * from [32m'./game-event.service'[37m;
        ╵               [32m~~~~~~~~~~~~~~~~~~~~~~[0m
[31m✘ [41;31m[[41;97mERROR[41;31m][0m [1mCould not resolve "./board-generator.service"[0m
    libs/game/data-access/src/index.ts:4:14:
[37m      4 │ export * from [32m'./board-generator.service'[37m;
        ╵               [32m~~~~~~~~~~~~~~~~~~~~~~~~~~~[0m
[31m✘ [41;31m[[41;97mERROR[41;31m][0m [1mTS2307: Cannot find module './board-generator.service' or its corresponding type declarations.[0m [1m[35m[plugin angular-compiler][0m
    libs/game/data-access/src/index.t[39m[22m[1m[31ms:4:14:
[37m      4 │ export * from [32m'./board-generator.service'[37m;
        ╵               [32m~~~~~~~~~~~~~~~~~~~~~~~~~~~[0m
[31m✘ [41;31m[[41;97mERROR[41;31m][0m [1mCould not resolve "./perception.service"[0m
    libs/game/data-access/src/index.ts:5:14:
[37m      5 │ export * from [32m'./perception.service'[37m;
        ╵               [32m~~~~~~~~~~~~~~~~~~~~~~[0m
[31m✘ [41;31m[[41;97mERROR[41;31m][0m [1mTS2307: Cannot find module './perception.service' or its corresponding type declarations.[0m [1m[35m[plugin angular-compiler][0m
    libs/game/data-access/src/index.ts:5:14:
[37m      5 │ export * from [32m'./perception.service'[37m;
        ╵               [32m~~~~~~~~~~~~~~~~~~~~~~[0m
[31m✘ [41;31m[[41;97mERROR[41;31m][0m [1mCould not resolve "./keyboard-manager.service"[0m
    libs/game/data-access/src/index.ts:6:14:
[37m      6 │ export * from [32m'./keyboard-manager.service'[37m;
        ╵               [32m~~~~~~~~~~~~~~~~~~~~~~~~~~~~[0m
[31m✘ [41;31m[[41;97mERROR[41;31m][0m [1mTS2307: Cannot find module './keyboard-manager.service' or its corresponding type declarations.[0m [1m[35m[plugin angular-compiler][0m
    libs/game/data-access/src/index.ts:6:14:
[37m      6 │ export * from [32m'./keyboard-manager.service'[37m;
        ╵               [32m~~~~~~~~~~~~~~~~~~~~~~~~~~~~[0m
[31m✘ [41;31m[[41;97mERROR[41;31m][0m [1mCould not resolve "./features/config.feature"[0m
    libs/game/data-access/src/index.ts:7:14:
[37m      7 │ export * from [32m'./features/config.feature'[37m;
        ╵               [32m~~~~~~~~~~~~~~~~~~~~~~~~~~~[0m
[31m✘ [41;31m[[41;97mERROR[41;31m][0m [1mTS2307: Cannot find module './features/config.feature' or its corresponding type declarations.[0m [1m[35m[plugin angular-compiler][0m
    libs/game/data-access/src/index.ts:7:14:
[37m      7 │ export * from [32m'./features/config.feature'[37m;
        ╵               [32m~~~~~~~~~~~[39m[22m[1m[31m~~~~~~~~~~~~~~~~[0m
[31m✘ [41;31m[[41;97mERROR[41;31m][0m [1mCould not resolve "./features/game-status.feature"[0m
    libs/game/data-access/src/index.ts:8:14:
[37m      8 │ export * from [32m'./features/game-status.feature'[37m;
        ╵               [32m~~~~~~~~~~~~~~~~~~~~~~~~~~~~~~~~[0m
[31m✘ [41;31m[[41;97mERROR[41;31m][0m [1mTS2307: Cannot find module './features/game-status.feature' or its corresponding type declarations.[0m [1m[35m[plugin angular-compiler][0m
    libs/game/data-access/src/index.ts:8:14:
[37m      8 │ export * from [32m'./features/game-status.feature'[37m;
        ╵               [32m~~~~~~~~~~~~~~~~~~~~~~~~~~~~~~~~[0m
[31m✘ [41;31m[[41;97mERROR[41;31m][0m [1mCould not resolve "./features/hunter.feature"[0m
    libs/game/data-access/src/index.ts:9:14:
[37m      9 │ export * from [32m'./features/hunter.feature'[37m;
        ╵               [32m~~~~~~~~~~~~~~~~~~~~~~~~~~~[0m
[31m✘ [41;31m[[41;97mERROR[41;31m][0m [1mTS2307: Cannot find module './features/hunter.feature' or its corresponding type declarations.[0m [1m[35m[plugin angular-compiler][0m
    libs/game/data-access/src/index.ts:9:14:
[37m      9 │ export * from [32m'./features/hunter.feature'[37m;
        ╵               [32m~~~~~~~~~~~~~~~~~~~~~~~~~~~[0m
[31m✘ [41;31m[[41;97mERROR[41;31m][0m [1mCould not resolve "./hunt-bisho.component"[0m
    libs/game/feature/src/index.ts:1:14:
[37m      1 │ export * from [32m'./hunt-bisho.component'[37m;
        ╵               [32m~~~~~~~~~~~~~~~~~~~~~~~~[0m
[31m✘ [41;31m[[41;97mERROR[41;31m][0m [1mTS2307: Cannot find module './hunt-bisho.component' or its corresponding type declarations.[0m [1m[35m[plugin angular-compiler][0m
    libs/game/feature/src/index.ts:1:14:
[37m      1 │ export * from [32m'./hunt-bisho.component'[37m;
        ╵               [32m~~~~~~~~~~~~~~~~~~~~~~~~[0m
[31m✘ [41;31m[[41;97mERROR[41;31m][0m [1mCould not resolve [39m[22m[1m[31m"./animations/attack/app-wumpus-attack-animation.component"[0m
    libs/game/feature/src/index.ts:2:14:
[37m      2 │ export * from [32m'./animations/attack/app-wumpus-attack-animation.comp[37m...
        ╵               [32m~~~~~~~~~~~~~~~~~~~~~~~~~~~~~~~~~~~~~~~~~~~~~~~~~~~~~[0m
[31m✘ [41;31m[[41;97mERROR[41;31m][0m [1mTS2307: Cannot find module './animations/attack/app-wumpus-attack-animation.component' or its corresponding type declarations.[0m [1m[35m[plugin angular-compiler][0m
    libs/game/feature/src/index.ts:2:14:
[37m      2 │ export * from [32m'./animations/attack/app-wumpus-attack-animation.comp[37m...
        ╵               [32m~~~~~~~~~~~~~~~~~~~~~~~~~~~~~~~~~~~~~~~~~~~~~~~~~~~~~[0m
[31m✘ [41;31m[[41;97mERROR[41;31m][0m [1mCould not resolve "./animations/jedi/jedi-mind-trick-animation.component"[0m
    libs/game/feature/src/index.ts:3:14:
[37m      3 │ export * from [32m'./animations/jedi/jedi-mind-trick-animation.component'[37m;
        ╵               [32m~~~~~~~~~~~~~~~~~~~~~~~~~~~~~~~~~~~~~~~~~~~~~~~~~~~~~~~[0m
[31m✘ [41;31m[[41;97mERROR[41;31m][0m [1mTS2307: Cannot find module './animations/jedi/jedi-mind-trick-animation.component' or its corresponding type declarations.[0m [1m[35m[plugin angular-compiler][0m
    libs/game/feature/src/index.ts:3:14:
[37m      3 │ export * from [32m'./animations/jedi/jedi-mind-trick-animation.component'[37m;
        ╵               [32m~~~~~~~~~~~~~~~~~~~~~~~~~~~~~~~~~~~~~~~~~~~~~~~~~~~~~~~[0m
[31m✘ [41;31m[[41;97mERROR[41;31m][0m [1mCould not resolve "./cell/game-cell.component"[0m
    libs/game/ui/src/index.ts:1:14:
[37m      1 │ export * from [32m'./cell/game-cell.component'[37m;
        ╵               [32m~~~~~~~~~~~~~~~~~~~~~~~~~~~~[0m
[31m✘ [41;31m[[41;97mERROR[41;31m][0m [1mTS2307: Cannot find module './cell/game-cell.component' or its corresponding type declarations.[0m [1m[35m[plugin angular-compiler][0m
    libs/game/[39m[22m[1m[31mui/src/index.ts:1:14:
[37m      1 │ export * from [32m'./cell/game-cell.component'[37m;
        ╵               [32m~~~~~~~~~~~~~~~~~~~~~~~~~~~~[0m
[31m✘ [41;31m[[41;97mERROR[41;31m][0m [1mCould not resolve "./controls/mobile-controls.component"[0m
    libs/game/ui/src/index.ts:2:14:
[37m      2 │ export * from [32m'./controls/mobile-controls.component'[37m;
        ╵               [32m~~~~~~~~~~~~~~~~~~~~~~~~~~~~~~~~~~~~~~[0m
[31m✘ [41;31m[[41;97mERROR[41;31m][0m [1mTS2307: Cannot find module './controls/mobile-controls.component' or its corresponding type declarations.[0m [1m[35m[plugin angular-compiler][0m
    libs/game/ui/src/index.ts:2:14:
[37m      2 │ export * from [32m'./controls/mobile-controls.component'[37m;
        ╵               [32m~~~~~~~~~~~~~~~~~~~~~~~~~~~~~~~~~~~~~~[0m
[31m✘ [41;31m[[41;97mERROR[41;31m][0m [1mCould not resolve "./message/game-message.component"[0m
    libs/game/ui/src/index.ts:3:14:
[37m      3 │ export * from [32m'./message/game-message.component'[37m;
        ╵               [32m~~~~~~~~~~~~~~~~~~~~~~~~~~~~~~~~~~[0m
[31m✘ [41;31m[[41;97mERROR[41;31m][0m [1mTS2307: Cannot find module './message/game-message.component' or its corresponding type declarations.[0m [1m[35m[plugin angular-compiler][0m
    libs/game/ui/src/index.ts:3:14:
[37m      3 │ export * from [32m'./message/game-message.component'[37m;
        ╵               [32m~~~~~~~~~~~~~~~~~~~~~~~~~~~~~~~~~~[0m
[31m✘ [41;31m[[41;97mERROR[41;31m][0m [1mCould not resolve "./lives/game-lives.component"[0m
    libs/game/ui/src/index.ts:4:14:
[37m      4 │ export * from [32m'./lives/game-lives.component'[37m;
        ╵               [32m~~~~~~~~~~~~~~~~~~~~~~~~~~~~~~[0m
[31m✘ [41;31m[[41;97mERROR[41;31m][0m [1mTS2307: Cannot find module './lives/game-lives.component' or its corresponding type declarations.[0m [1m[35m[plugin angular-compiler][0m
    libs/game/ui/src/index.ts:4:14:
[[39m[22m[1m[31m37m      4 │ export * from [32m'./lives/game-lives.component'[37m;
        ╵               [32m~~~~~~~~~~~~~~~~~~~~~~~~~~~~~~[0m
[31m✘ [41;31m[[41;97mERROR[41;31m][0m [1mCould not resolve "./level/game-level.component"[0m
    libs/game/ui/src/index.ts:5:14:
[37m      5 │ export * from [32m'./level/game-level.component'[37m;
        ╵               [32m~~~~~~~~~~~~~~~~~~~~~~~~~~~~~~[0m
[31m✘ [41;31m[[41;97mERROR[41;31m][0m [1mTS2307: Cannot find module './level/game-level.component' or its corresponding type declarations.[0m [1m[35m[plugin angular-compiler][0m
    libs/game/ui/src/index.ts:5:14:
[37m      5 │ export * from [32m'./level/game-level.component'[37m;
        ╵               [32m~~~~~~~~~~~~~~~~~~~~~~~~~~~~~~[0m
[31m✘ [41;31m[[41;97mERROR[41;31m][0m [1mCould not resolve "./blackout/blackout.component"[0m
    libs/game/ui/src/index.ts:6:14:
[37m      6 │ export * from [32m'./blackout/blackout.component'[37m;
        ╵               [32m~~~~~~~~~~~~~~~~~~~~~~~~~~~~~~~[0m
[31m✘ [41;31m[[41;97mERROR[41;31m][0m [1mTS2307: Cannot find module './blackout/blackout.component' or its corresponding type declarations.[0m [1m[35m[plugin angular-compiler][0m
    libs/game/ui/src/index.ts:6:14:
[37m      6 │ export * from [32m'./blackout/blackout.component'[37m;
        ╵               [32m~~~~~~~~~~~~~~~~~~~~~~~~~~~~~~~[0m
[31m✘ [41;31m[[41;97mERROR[41;31m][0m [1mCould not resolve "./visual-effect.directive"[0m
    libs/game/ui/src/index.ts:7:14:
[37m      7 │ export * from [32m'./visual-effect.directive'[37m;
        ╵               [32m~~~~~~~~~~~~~~~~~~~~~~~~~~~[0m
[31m✘ [41;31m[[41;97mERROR[41;31m][0m [1mTS2307: Cannot find module './visual-effect.directive' or its corresponding type declarations.[0m [1m[35m[plugin angular-compiler][0m
    libs/game/ui/src/index.ts:7:14:
[37m      7 │ export * from [32m'./visual-effect.directive'[37m;
        ╵               [32m~~~[39m[22m
[1m[31m~~~~~~~~~~~~~~~~~~~~~~~~[0m
[31m✘ [41;31m[[41;97mERROR[41;31m][0m [1mTS2305: Module '"@hunt-the-bishomalo/gamestats/data-access"' has no exported member 'LeaderboardService'.[0m [1m[35m[plugin angular-compiler][0m
    libs/gamestats/api/src/index.ts:2:9:
[37m      2 │ import { [32mLeaderboardService[37m } from '@hunt-the-bishomalo/gamestats/d...
        ╵          [32m~~~~~~~~~~~~~~~~~~[0m
[31m✘ [41;31m[[41;97mERROR[41;31m][0m [1mCould not resolve "./leaderboard.service"[0m
    libs/gamestats/data-access/src/index.ts:1:14:
[37m      1 │ export * from [32m'./leaderboard.service'[37m;
        ╵               [32m~~~~~~~~~~~~~~~~~~~~~~~[0m
[31m✘ [41;31m[[41;97mERROR[41;31m][0m [1mTS2307: Cannot find module './leaderboard.service' or its corresponding type declarations.[0m [1m[35m[plugin angular-compiler][0m
    libs/gamestats/data-access/src/index.ts:1:14:
[37m      1 │ export * from [32m'./leaderboard.service'[37m;
        ╵               [32m~~~~~~~~~~~~~~~~~~~~~~~[0m
[31m✘ [41;31m[[41;97mERROR[41;31m][0m [1mTS2305: Module '"@hunt-the-bishomalo/shop/feature"' has no exported member 'ShopComponent'.[0m [1m[35m[plugin angular-compiler][0m
    libs/shop/api/src/index.ts:2:9:
[37m      2 │ import { [32mShopComponent[37m } from '@hunt-the-bishomalo/shop/feature';
        ╵          [32m~~~~~~~~~~~~~[0m
[31m✘ [41;31m[[41;97mERROR[41;31m][0m [1mCould not resolve "./shop.component"[0m
    libs/shop/feature/src/index.ts:1:14:
[37m      1 │ export * from [32m'./shop.component'[37m;
        ╵               [32m~~~~~~~~~~~~~~~~~~[0m
[31m✘ [41;31m[[41;97mERROR[41;31m][0m [1mTS2307: Cannot find module './shop.component' or its corresponding type declarations.[0m [1m[35m[plugin angular-compiler][0m
    libs/shop/feature/src/index.ts:1:14:
[37m      1 │ export * from [32m'./shop.component'[37m;
        ╵               [32m~~~~~~~~~~~~~~~~~~[0m
[31m✘ [41;31m[[41;97mERROR[41;31[39m[22m[1m[31mm][0m [1mCould not resolve "./components/controls/game-controls.component"[0m
    src/app/app.component.ts:6:38:
[37m      6 │ ...lsComponent } from [32m'./components/controls/game-controls.component'[37m;
        ╵                       [32m~~~~~~~~~~~~~~~~~~~~~~~~~~~~~~~~~~~~~~~~~~~~~~~[0m
[31m✘ [41;31m[[41;97mERROR[41;31m][0m [1mTS2307: Cannot find module './components/controls/game-controls.component' or its corresponding type declarations.[0m [1m[35m[plugin angular-compiler][0m
    src/app/app.component.ts:6:38:
[37m      6 │ ...lsComponent } from [32m'./components/controls/game-controls.component'[37m;
        ╵                       [32m~~~~~~~~~~~~~~~~~~~~~~~~~~~~~~~~~~~~~~~~~~~~~~~[0m
[31m✘ [41;31m[[41;97mERROR[41;31m][0m [1mTS2724: '"@hunt-the-bishomalo/game/api"' has no exported member named 'GameStore'. Did you mean 'GAME_STORE'?[0m [1m[35m[plugin angular-compiler][0m
    src/app/app.component.ts:7:9:
[37m      7 │ import { [32mGameStore[37m } from '@hunt-the-bishomalo/game/api';
        ╵          [32m~~~~~~~~~[0m
  'GAME_STORE' is declared here.
    libs/game/api/src/index.ts:4:13:
[37m      4 │ export const [32mGAME_STORE[37m = new InjectionToken<typeof GameStore>('GAM...
        ╵              [32m~~~~~~~~~~[0m
[31m✘ [41;31m[[41;97mERROR[41;31m][0m [1mTS2459: Module '"@hunt-the-bishomalo/game/api"' declares 'KeyboardManagerService' locally, but it is not exported.[0m [1m[35m[plugin angular-compiler][0m
    src/app/app.component.ts:8:9:
[37m      8 │ import { [32mKeyboardManagerService[37m } from '@hunt-the-bishomalo/game/api';
        ╵          [32m~~~~~~~~~~~~~~~~~~~~~~[0m
  'KeyboardManagerService' is declared here.
    libs/game/api/src/index.ts:2:39:
[37m      2 │ ..., GameEngineService, [32mKeyboardManagerService[37m } from '@hunt-the-bi...
        ╵                         [32m~~~~~~~~~~~~~~~~~~~~~~[0m
[31m✘ [41;31m[[41;97mERROR[41;31m][0m [1mNG1010: 'imports'[39m[22m[1m[31m must be an array of components, directives, pipes, or NgModules.
  Value could not be determined statically.[0m [1m[35m[plugin angular-compiler][0m
    src/app/app.component.ts:11:57:
[37m      11 │ ...uterOutlet, ToastComponent, MenuComponent, [32mGameControlsComponent[37m],
         ╵                                               [32m~~~~~~~~~~~~~~~~~~~~~[0m
  Unknown reference.
    src/app/app.component.ts:11:57:
[37m      11 │ ...uterOutlet, ToastComponent, MenuComponent, [32mGameControlsComponent[37m],
         ╵                                               [32m~~~~~~~~~~~~~~~~~~~~~[0m
[31m✘ [41;31m[[41;97mERROR[41;31m][0m [1mTS2571: Object is of type 'unknown'.[0m [1m[35m[plugin angular-compiler][0m
    src/app/app.component.ts:23:4:
[37m      23 │     [32mthis.keyboardManager[37m.handleKeyDown(event);
         ╵     [32m~~~~~~~~~~~~~~~~~~~~[0m
[31m✘ [41;31m[[41;97mERROR[41;31m][0m [1mTS2724: '"@hunt-the-bishomalo/game/api"' has no exported member named 'GameStore'. Did you mean 'GAME_STORE'?[0m [1m[35m[plugin angular-compiler][0m
    src/app/app.config.ts:9:9:
[37m      9 │ import { [32mGameStore[37m } from '@hunt-the-bishomalo/game/api';
        ╵          [32m~~~~~~~~~[0m
  'GAME_STORE' is declared here.
    libs/game/api/src/index.ts:4:13:
[37m      4 │ export const [32mGAME_STORE[37m = new InjectionToken<typeof GameStore>('GAM...
        ╵              [32m~~~~~~~~~~[0m
[31m✘ [41;31m[[41;97mERROR[41;31m][0m [1mCould not resolve "@hunt-the-bishomalo/gamestats"[0m
    src/app/app.config.ts:13:35:
[37m      13 │ import { LeaderboardService } from [32m'@hunt-the-bishomalo/gamestats'[37m;
         ╵                                    [32m~~~~~~~~~~~~~~~~~~~~~~~~~~~~~~~[0m
  You can mark the path "@hunt-the-bishomalo/gamestats" as external to exclude it from the bundle, which will remove this error and leave the unresolved path in the bundle.
[31m✘ [41;31m[[41;97mERROR[41;31m][[39m[22m[1m[31m0m [1mTS2307: Cannot find module '@hunt-the-bishomalo/gamestats' or its corresponding type declarations.[0m [1m[35m[plugin angular-compiler][0m
    src/app/app.config.ts:13:35:
[37m      13 │ import { LeaderboardService } from [32m'@hunt-the-bishomalo/gamestats'[37m;
         ╵                                    [32m~~~~~~~~~~~~~~~~~~~~~~~~~~~~~~~[0m
[31m✘ [41;31m[[41;97mERROR[41;31m][0m [1mTS2339: Property 'JediMindTrickAnimationComponent' does not exist on type 'typeof import("/app/src/app/components/index")'.[0m [1m[35m[plugin angular-compiler][0m
    src/app/app.routes.ts:16:66:
[37m      16 │ ..../components').then((mod) => mod.[32mJediMindTrickAnimationComponent[37m),
         ╵                                     [32m~~~~~~~~~~~~~~~~~~~~~~~~~~~~~~~[0m
[31m✘ [41;31m[[41;97mERROR[41;31m][0m [1mTS2459: Module '"@hunt-the-bishomalo/game/api"' declares 'GameEngineService' locally, but it is not exported.[0m [1m[35m[plugin angular-compiler][0m
    src/app/components/menu/menu.component.ts:4:9:
[37m      4 │ import { [32mGameEngineService[37m } from '@hunt-the-bishomalo/game/api';
        ╵          [32m~~~~~~~~~~~~~~~~~[0m
  'GameEngineService' is declared here.
    libs/game/api/src/index.ts:2:20:
[37m      2 │ import { GameStore, [32mGameEngineService[37m, KeyboardManagerService } fro...
        ╵                     [32m~~~~~~~~~~~~~~~~~[0m
[31m✘ [41;31m[[41;97mERROR[41;31m][0m [1mTS2571: Object is of type 'unknown'.[0m [1m[35m[plugin angular-compiler][0m
    src/app/components/menu/menu.component.ts:31:4:
[37m      31 │     [32mthis.gameEngine[37m.newGame();
         ╵     [32m~~~~~~~~~~~~~~~[0m
[31m✘ [41;31m[[41;97mERROR[41;31m][0m [1mTS2724: '"@hunt-the-bishomalo/game/api"' has no exported member named 'GameStore'. Did you mean 'GAME_STORE'?[0m [1m[35m[plugin angular-compiler][0m
    src/app/guards/home.guard.ts:4:9:
[37m      4 │ import { [32mGameStore[37m } from '@hunt-t[39m[22m[1m[31mhe-bishomalo/game/api';
        ╵          [32m~~~~~~~~~[0m
  'GAME_STORE' is declared here.
    libs/game/api/src/index.ts:4:13:
[37m      4 │ export const [32mGAME_STORE[37m = new InjectionToken<typeof GameStore>('GAM...
        ╵              [32m~~~~~~~~~~[0m
[31m✘ [41;31m[[41;97mERROR[41;31m][0m [1mTS2459: Module '"@hunt-the-bishomalo/game/api"' declares 'GameEngineService' locally, but it is not exported.[0m [1m[35m[plugin angular-compiler][0m
    src/app/guards/home.guard.ts:5:9:
[37m      5 │ import { [32mGameEngineService[37m } from '@hunt-the-bishomalo/game/api';
        ╵          [32m~~~~~~~~~~~~~~~~~[0m
  'GameEngineService' is declared here.
    libs/game/api/src/index.ts:2:20:
[37m      2 │ import { GameStore, [32mGameEngineService[37m, KeyboardManagerService } fro...
        ╵                     [32m~~~~~~~~~~~~~~~~~[0m
[31m✘ [41;31m[[41;97mERROR[41;31m][0m [1mTS18046: 'gameStore' is of type 'unknown'.[0m [1m[35m[plugin angular-compiler][0m
    src/app/guards/home.guard.ts:12:22:
[37m      12 │   const hasSettings = [32mgameStore[37m.settings().size;
         ╵                       [32m~~~~~~~~~[0m
[31m✘ [41;31m[[41;97mERROR[41;31m][0m [1mTS18046: 'gameEngine' is of type 'unknown'.[0m [1m[35m[plugin angular-compiler][0m
    src/app/guards/home.guard.ts:15:4:
[37m      15 │     [32mgameEngine[37m.initGame();
         ╵     [32m~~~~~~~~~~[0m
[31m✘ [41;31m[[41;97mERROR[41;31m][0m [1mTS2305: Module '"@hunt-the-bishomalo/game/api"' has no exported member 'HuntBishoComponent'.[0m [1m[35m[plugin angular-compiler][0m
    src/app/pages/index.ts:3:9:
[37m      3 │ export { [32mHuntBishoComponent[37m } from '@hunt-the-bishomalo/game/api';
        ╵          [32m~~~~~~~~~~~~~~~~~~[0m
[31m✘ [41;31m[[41;97mERROR[41;31m][0m [1mTS2724: '"@hunt-the-bishomalo/shop/api"' has no exported member named 'ShopComponent'. Did you mean 'SHOP_COMPONENT'?[0m [1m[35m[plugin angul[39m[22m[1m[31mar-compiler][0m
    src/app/pages/index.ts:4:9:
[37m      4 │ export { [32mShopComponent[37m } from '@hunt-the-bishomalo/shop/api';
        ╵          [32m~~~~~~~~~~~~~[0m
  'SHOP_COMPONENT' is declared here.
    libs/shop/api/src/index.ts:4:13:
[37m      4 │ export const [32mSHOP_COMPONENT[37m = new InjectionToken<typeof ShopCompone...
        ╵              [32m~~~~~~~~~~~~~~[0m
[31m✘ [41;31m[[41;97mERROR[41;31m][0m [1mTS2305: Module '"@hunt-the-bishomalo/gamestats/api"' has no exported member 'ResultsComponent'.[0m [1m[35m[plugin angular-compiler][0m
    src/app/pages/index.ts:7:9:
[37m      7 │ export { [32mResultsComponent[37m } from '@hunt-the-bishomalo/gamestats/api';
        ╵          [32m~~~~~~~~~~~~~~~~[0m
[31m✘ [41;31m[[41;97mERROR[41;31m][0m [1mCould not resolve "@hunt-the-bishomalo/boss"[0m
    src/app/pages/index.ts:8:35:
[37m      8 │ export { BossFightComponent } from [32m'@hunt-the-bishomalo/boss'[37m;
        ╵                                    [32m~~~~~~~~~~~~~~~~~~~~~~~~~~[0m
  You can mark the path "@hunt-the-bishomalo/boss" as external to exclude it from the bundle, which will remove this error and leave the unresolved path in the bundle.
[31m✘ [41;31m[[41;97mERROR[41;31m][0m [1mTS2307: Cannot find module '@hunt-the-bishomalo/boss' or its corresponding type declarations.[0m [1m[35m[plugin angular-compiler][0m
    src/app/pages/index.ts:8:35:
[37m      8 │ export { BossFightComponent } from [32m'@hunt-the-bishomalo/boss'[37m;
        ╵                                    [32m~~~~~~~~~~~~~~~~~~~~~~~~~~[0m
[39m[22m



 NX   Running target build for project hunt-the-bishomalo failed

Failed tasks:

- hunt-the-bishomalo:build:production

Hint: run the command with --verbose for more details.
