$ nx run-many -t serve --projects hunt-the-bishomalo,achievements-remote

 NX   Running target serve for 2 projects:

- hunt-the-bishomalo
- achievements-remote



> nx run achievements-remote:serve


> nx run hunt-the-bishomalo:serve

[42m[38;5;15m INFO [39m[49m [Federation SSE] Local reloader initialized with endpoint /@angular-architects/native-federation:build-notifications
[42m[38;5;15m INFO [39m[49m Building federation artefacts
[42m[38;5;15m INFO [39m[49m [Federation SSE] Local reloader initialized with endpoint /@angular-architects/native-federation:build-notifications
[42m[38;5;15m INFO [39m[49m Building federation artefacts
[42m[38;5;15m INFO [39m[49m Preparing shared npm packages for the platform browser-shared
[103m[30m NOTE [39m[49m This only needs to be done once, as results are cached
[103m[30m NOTE [39m[49m Skip packages you don't want to share in your federation config
[42m[38;5;15m INFO [39m[49m Preparing shared npm packages for the platform browser-shared
[103m[30m NOTE [39m[49m This only needs to be done once, as results are cached
[103m[30m NOTE [39m[49m Skip packages you don't want to share in your federation config
[33m❯[39m Building...
[33m❯[39m Building...
[32m✔[39m Building...
[37m[1mInitial chunk files[22m[2m | [22m[1mNames[22m              [2m | [22m [1mRaw size[22m
[32mpolyfills.js[37m       [2m | [22m[2mpolyfills[22m          [2m | [22m[36m112.65 kB[37m[2m | [22m
[32mmain.js[37m            [2m | [22m[2mmain[22m               [2m | [22m[36m275 bytes[37m[2m | [22m
[32mstyles.css[37m         [2m | [22m[2mstyles[22m             [2m | [22m[36m121 bytes[37m[2m | [22m
[1m [22m                  [2m | [22m[1mInitial total[22m      [2m | [22m[1m113.05 kB[22m
[1mLazy chunk files[22m   [2m | [22m[1mNames[22m              [2m | [22m [1mRaw size[22m
[32mchunk-K2QZVTJX.js[37m  [2m | [22m[2machievements[22m       [2m | [22m [36m37.10 kB[37m[2m | [22m
[32mchunk-UJ6X4W2T.js[37m  [2m | [22m[2m-[22m                  [2m | [22m  [36m5.64 kB[37m[2m | [22m
[32mchunk-33LMVH4X.js[37m  [2m | [22m[2mbootstrap[22m          [2m | [22m  [36m4.22 kB[37m[2m | [22m
[32mchunk-G5NPAARR.js[37m  [2m | [22m[2machievements-routes[22m[2m | [22m[36m987 bytes[37m[2m | [22m
[32mchunk-VUJOFXKG.js[37m  [2m | [22m[2m-[22m                  [2m | [22m[36m938 bytes[37m[2m | [22m
Application bundle generation complete. [5.806 seconds] - 2026-04-28T03:24:59.472Z
[39m
[37mWatch mode enabled. Watching for file changes...[39m
[37mNOTE: Raw file sizes do not reflect development server per-request transformations.[39m
  [32m➜[39m  [1mLocal[22m:   [36mhttp://localhost:[1m4201[22m/[39m
[32m✔[39m Building...
[37m[1mInitial chunk files[22m[2m | [22m[1mNames[22m        [2m | [22m [1mRaw size[22m
[32mpolyfills.js[37m       [2m | [22m[2mpolyfills[22m    [2m | [22m[36m112.65 kB[37m[2m | [22m
[32mstyles.css[37m         [2m | [22m[2mstyles[22m       [2m | [22m  [36m5.68 kB[37m[2m | [22m
[32mmain.js[37m            [2m | [22m[2mmain[22m         [2m | [22m  [36m2.21 kB[37m[2m | [22m
[32mchunk-VUJOFXKG.js[37m  [2m | [22m[2m-[22m            [2m | [22m[36m938 bytes[37m[2m | [22m
[1m [22m                  [2m | [22m[1mInitial total[22m[2m | [22m[1m121.48 kB[22m
[1mLazy chunk files[22m   [2m | [22m[1mNames[22m        [2m | [22m [1mRaw size[22m
[32mchunk-INLMA4TV.js[37m  [2m | [22m[2mbootstrap[22m    [2m | [22m [36m27.20 kB[37m[2m | [22m
[32mchunk-ONK5P54I.js[37m  [2m | [22m[2mindex[22m        [2m | [22m [36m14.26 kB[37m[2m | [22m
Application bundle generation complete. [7.560 seconds] - 2026-04-28T03:25:06.930Z
[39m
[37mWatch mode enabled. Watching for file changes...[39m
[37mNOTE: Raw file sizes do not reflect development server per-request transformations.[39m
  [32m➜[39m  [1mLocal[22m:   [36mhttp://localhost:[1m4200[22m/[39m
[2m3:26:06 AM[22m [33m[1m[vite][22m[39m [33m[2m(client)[22m[39m [33mwarning:
[36m/app/.angular/vite-root/hunt-the-bishomalo/polyfills.js[33m
[0m136 |      b2.apply(this, arguments);
137 |    };
138 |    const dynamicImport = (u2, _errUrl) => import(u2);
    |                                                  ^^
139 |    const defineValue = (obj, prop, value) => Object.defineProperty(obj, prop, { writable: false, configurable: false, ...
140 |    const optionsScript = hasDocument ? document.querySelector("script[type=esms-options]") : void 0;[0m[33m
The above dynamic import cannot be analyzed by Vite.
See [34mhttps://github.com/rollup/plugins/tree/master/packages/dynamic-import-vars#limitations[33m for supported dynamic import formats. If this is intended to be left as-is, you can use the /* @vite-ignore */ comment inside the import() call to suppress this warning.
[33m[39m
  Plugin: [35mvite:import-analysis[39m
  File: [36m/app/.angular/vite-root/hunt-the-bishomalo/polyfills.js[39m
[2m3:26:06 AM[22m [33m[1m[vite][22m[39m [33m[2m(client)[22m[39m [33mwarning:
[36m/app/.angular/vite-root/hunt-the-bishomalo/polyfills.js[33m
[0m366 |      if (!hasDocument)
367 |        return Promise.all([
368 |          import(createBlob(`import"${createBlob("{}", "text/json")}"with{type:"json"}`)).then(
    |                 ^^^^^^^^^^^^^^^^^^^^^^^^^^^^^^^^^^^^^^^^^^^^^^^^^^^^^^^^^^^^^^^^^^^^^^^
369 |            () => (supportsJsonType = true, import(createBlob(`import"${createBlob("", "text/css")}"with{type:"css"}`))...
370 |              () => supportsCssType = true,[0m[33m
The above dynamic import cannot be analyzed by Vite.
See [34mhttps://github.com/rollup/plugins/tree/master/packages/dynamic-import-vars#limitations[33m for supported dynamic import formats. If this is intended to be left as-is, you can use the /* @vite-ignore */ comment inside the import() call to suppress this warning.
[33m[39m
  Plugin: [35mvite:import-analysis[39m
  File: [36m/app/.angular/vite-root/hunt-the-bishomalo/polyfills.js[39m
[2m3:26:06 AM[22m [33m[1m[vite][22m[39m [33m[2m(client)[22m[39m [33mwarning:
[36m/app/.angular/vite-root/hunt-the-bishomalo/polyfills.js[33m
[0m367 |        return Promise.all([
368 |          import(createBlob(`import"${createBlob("{}", "text/json")}"with{type:"json"}`)).then(
369 |  ...rtsJsonType = true, import(createBlob(`import"${createBlob("", "text/css")}"with{type:"css"}`)).then(
    |                                ^^^^^^^^^^^^^^^^^^^^^^^^^^^^^^^^^^^^^^^^^^^^^^^^^^^^^^^^^^^^^^^^^^^
370 |              () => supportsCssType = true,
371 |              noop[0m[33m
The above dynamic import cannot be analyzed by Vite.
See [34mhttps://github.com/rollup/plugins/tree/master/packages/dynamic-import-vars#limitations[33m for supported dynamic import formats. If this is intended to be left as-is, you can use the /* @vite-ignore */ comment inside the import() call to suppress this warning.
[33m[39m
  Plugin: [35mvite:import-analysis[39m
  File: [36m/app/.angular/vite-root/hunt-the-bishomalo/polyfills.js[39m
[2m3:26:06 AM[22m [33m[1m[vite][22m[39m [33m[2m(client)[22m[39m [33mwarning:
[36m/app/.angular/vite-root/hunt-the-bishomalo/polyfills.js[33m
[0m373 |            noop
374 |          ),
375 |  ...eEnabled && import(createBlob(`import"${createBlob(new Uint8Array(wasmBytes), "application/wasm")}"`)).then(
    |                        ^^^^^^^^^^^^^^^^^^^^^^^^^^^^^^^^^^^^^^^^^^^^^^^^^^^^^^^^^^^^^^^^^^^^^^^^^^^^^^^^^^
376 |            () => supportsWasmInstancePhase = true,
377 |            noop[0m[33m
The above dynamic import cannot be analyzed by Vite.
See [34mhttps://github.com/rollup/plugins/tree/master/packages/dynamic-import-vars#limitations[33m for supported dynamic import formats. If this is intended to be left as-is, you can use the /* @vite-ignore */ comment inside the import() call to suppress this warning.
[33m[39m
  Plugin: [35mvite:import-analysis[39m
  File: [36m/app/.angular/vite-root/hunt-the-bishomalo/polyfills.js[39m
[2m3:26:06 AM[22m [33m[1m[vite][22m[39m [33m[2m(client)[22m[39m [33mwarning:
[36m/app/.angular/vite-root/hunt-the-bishomalo/polyfills.js[33m
[0m377 |            noop
378 |          ),
379 |  ...d && import(createBlob(`import source x from"${createBlob(new Uint8Array(wasmBytes), "application/wasm")}"`)).then(
    |                 ^^^^^^^^^^^^^^^^^^^^^^^^^^^^^^^^^^^^^^^^^^^^^^^^^^^^^^^^^^^^^^^^^^^^^^^^^^^^^^^^^^^^^^^^^^^^^^^^
380 |            () => supportsWasmSourcePhase = true,
381 |            noop[0m[33m
The above dynamic import cannot be analyzed by Vite.
See [34mhttps://github.com/rollup/plugins/tree/master/packages/dynamic-import-vars#limitations[33m for supported dynamic import formats. If this is intended to be left as-is, you can use the /* @vite-ignore */ comment inside the import() call to suppress this warning.
[33m[39m
  Plugin: [35mvite:import-analysis[39m
  File: [36m/app/.angular/vite-root/hunt-the-bishomalo/polyfills.js[39m
[2m3:26:06 AM[22m [33m[1m[vite][22m[39m [33m[2m(client)[22m[39m [33mwarning:
[36m/app/.angular/vite-root/hunt-the-bishomalo/polyfills.js[33m
[0m2567 |        firstPolyfillLoad = false;
2568 |      }
2569 |  ...oaded && source ? dynamicImport(load.b, load.u) : import(load.u));
     |                                                              ^^^^^^
2570 |      if (load.s) (await dynamicImport(load.s, load.u)).u$_(module);
2571 |      revokeObjectURLs(Object.keys(seen));[0m[33m
The above dynamic import cannot be analyzed by Vite.
See [34mhttps://github.com/rollup/plugins/tree/master/packages/dynamic-import-vars#limitations[33m for supported dynamic import formats. If this is intended to be left as-is, you can use the /* @vite-ignore */ comment inside the import() call to suppress this warning.
[33m[39m
  Plugin: [35mvite:import-analysis[39m
  File: [36m/app/.angular/vite-root/hunt-the-bishomalo/polyfills.js[39m
[2m3:26:06 AM[22m [33m[1m[vite][22m[39m [33m[2m(client)[22m[39m [33mwarning:
[36m/app/.angular/vite-root/hunt-the-bishomalo/polyfills.js[33m
[0m2728 |    let esmsTsTransform;
2729 |    const initTs = async () => {
2730 |      const m = await import(tsTransform);
     |                             ^^^^^^^^^^^
2731 |      if (!esmsTsTransform) esmsTsTransform = m.transform;
2732 |    };[0m[33m
The above dynamic import cannot be analyzed by Vite.
See [34mhttps://github.com/rollup/plugins/tree/master/packages/dynamic-import-vars#limitations[33m for supported dynamic import formats. If this is intended to be left as-is, you can use the /* @vite-ignore */ comment inside the import() call to suppress this warning.
[33m[39m
  Plugin: [35mvite:import-analysis[39m
  File: [36m/app/.angular/vite-root/hunt-the-bishomalo/polyfills.js[39m
Task "hunt-the-bishomalo:serve" is continuous but exited with code 143
error: script "start" exited with code 143
